// Jest Snapshot v1, https://goo.gl/fbAQLP

exports[`>>> components/base/FileUploadWithTagComponent.tsx +++ should match snapshot 1`] = `
<DocumentFragment>
  <div
    class="container"
    id="altinn-fileuploader-mockId"
    style="padding: 0px;"
  >
    <div>
      <div
        class="file-upload-text-bold-small"
        id="max-size"
      >
        form_filler.file_uploader_max_size 2 form_filler.file_uploader_mb
      </div>
      <div
        aria-describedby="description-mockId file-upload-description file-format-description max-size number-of-attachments"
        aria-labelledby="label-mockId"
        class="file-upload"
        id="altinn-drop-zone-mockId"
        role="button"
        style="width: auto; height: 15.6rem; border-width: 2px; border-color: #008fd6; border-style: dotted; cursor: pointer;"
        tabindex="0"
      >
        <input
          autocomplete="off"
          id="mockId"
          multiple=""
          style="display: none;"
          tabindex="-1"
          type="file"
        />
        <div
          class="container"
        >
          <div
            class="col text-center icon"
            style="margin-top: 3.5rem;"
          >
            <i
              class="ai ai-upload"
            />
          </div>
          <div
            class="col text-center"
          >
            <label
              class="file-upload-text-bold"
              for="mockId"
              id="file-upload-description"
            >
              form_filler.file_uploader_drag
              <span
                class="file-upload-text-bold blue-underline"
              >
                 form_filler.file_uploader_find
              </span>
            </label>
          </div>
          <div
            class="col text-center"
          >
            <label
              class="file-upload-text"
              for="mockId"
              id="file-format-description"
            >
              form_filler.file_uploader_valid_file_format form_filler.file_upload_valid_file_format_all
            </label>
          </div>
        </div>
      </div>
    </div>
    <div
      class="file-upload-text-bold-small"
      id="number-of-attachments"
    >
      form_filler.file_uploader_number_of_files 6/7.
    </div>
    <div
      class="MuiGrid-root MuiGrid-container MuiGrid-spacing-xs-1 MuiGrid-item"
      data-testid="tagFile"
      id="tagFile"
    >
      <div
        class="MuiGrid-root MuiTableContainer-root"
      >
        <table
          class="MuiTable-root makeStyles-table-1"
        >
          <thead
            class="MuiTableHead-root makeStyles-tableHeader-5"
          >
            <tr
              class="MuiTableRow-root MuiTableRow-head"
            >
              <th
                class="MuiTableCell-root MuiTableCell-head MuiTableCell-alignLeft"
                scope="col"
              >
                form_filler.file_uploader_list_header_name
              </th>
              <th
                class="MuiTableCell-root MuiTableCell-head MuiTableCell-alignLeft"
                scope="col"
              >
                test
              </th>
              <th
                class="MuiTableCell-root MuiTableCell-head MuiTableCell-alignLeft"
                scope="col"
              >
                form_filler.file_uploader_list_header_file_size
              </th>
              <th
                class="MuiTableCell-root MuiTableCell-head MuiTableCell-alignLeft"
                scope="col"
              >
                form_filler.file_uploader_list_header_status
              </th>
              <th
                class="MuiTableCell-root MuiTableCell-head"
                scope="col"
              />
            </tr>
          </thead>
          <tbody
            class="MuiTableBody-root makeStyles-tableBody-6"
          >
            <tr
              class="MuiTableRow-root"
            >
              <td
                class="MuiTableCell-root MuiTableCell-body makeStyles-textContainer-9"
              >
                <div
                  style="min-width: 0px;"
                >
                  <div
                    style="display: flex; flex-grow: 0;"
                  >
                    <div
                      style="text-overflow: ellipsis; overflow: hidden; white-space: nowrap;"
                    >
                      attachment-name-1
                    </div>
                    <div />
                  </div>
                </div>
              </td>
              <td
                class="MuiTableCell-root MuiTableCell-body makeStyles-textContainer-9"
              >
                test
              </td>
              <td
                class="MuiTableCell-root MuiTableCell-body makeStyles-textContainer-9"
              >
                0.00 form_filler.file_uploader_mb
              </td>
              <td
                class="MuiTableCell-root MuiTableCell-body makeStyles-textContainer-9"
              >
                <div>
                  form_filler.file_uploader_list_status_done
                  <i
                    aria-label="form_filler.file_uploader_list_status_done"
                    class="ai ai-check-circle"
                  />
                </div>
              </td>
              <td
                class="MuiTableCell-root MuiTableCell-body MuiTableCell-alignRight"
              >
                <button
                  class="MuiButtonBase-root MuiIconButton-root makeStyles-editTextContainer-8"
                  style="color: black;"
                  tabindex="0"
                  type="button"
                >
                  <span
                    class="MuiIconButton-label"
                  >
                    general.edit_alt
                    <i
                      class="fa fa-editing-file makeStyles-editIcon-7"
                    />
                  </span>
                  <span
                    class="MuiTouchRipple-root"
                  />
                </button>
              </td>
            </tr>
            <tr
              class="MuiTableRow-root"
            >
              <td
                class="MuiTableCell-root MuiTableCell-body makeStyles-textContainer-9"
              >
                <div
                  style="min-width: 0px;"
                >
                  <div
                    style="display: flex; flex-grow: 0;"
                  >
                    <div
                      style="text-overflow: ellipsis; overflow: hidden; white-space: nowrap;"
                    >
                      attachment-name-2
                    </div>
                    <div />
                  </div>
                </div>
              </td>
              <td
                class="MuiTableCell-root MuiTableCell-body makeStyles-textContainer-9"
              >
                test
              </td>
              <td
                class="MuiTableCell-root MuiTableCell-body makeStyles-textContainer-9"
              >
                0.00 form_filler.file_uploader_mb
              </td>
              <td
                class="MuiTableCell-root MuiTableCell-body makeStyles-textContainer-9"
              >
                <div
                  aria-live="polite"
                  class="a-loader float-left"
                  id="attachment-loader-upload-attachment-id-2"
                  style="margin-bottom: 1.6rem; margin-right: 1.3rem;"
                >
                  <div
                    class="loader loader-ellipsis"
                  />
                  <p
                    class="sr-only"
                  >
                    general.loading
                  </p>
                </div>
              </td>
              <td
                class="MuiTableCell-root MuiTableCell-body MuiTableCell-alignRight"
              >
                <button
                  class="MuiButtonBase-root MuiIconButton-root makeStyles-editTextContainer-8"
                  style="color: black;"
                  tabindex="0"
                  type="button"
                >
                  <span
                    class="MuiIconButton-label"
                  >
                    general.edit_alt
                    <i
                      class="fa fa-editing-file makeStyles-editIcon-7"
                    />
                  </span>
                  <span
                    class="MuiTouchRipple-root"
                  />
                </button>
              </td>
            </tr>
            <tr
              class="MuiTableRow-root"
            >
              <td
                class="MuiTableCell-root MuiTableCell-body makeStyles-textContainer-9"
              >
                <div
                  style="min-width: 0px;"
                >
                  <div
                    style="display: flex; flex-grow: 0;"
                  >
                    <div
                      style="text-overflow: ellipsis; overflow: hidden; white-space: nowrap;"
                    >
                      attachment-name-3
                    </div>
                    <div />
                  </div>
                </div>
              </td>
              <td
                class="MuiTableCell-root MuiTableCell-body makeStyles-textContainer-9"
              >
                test
              </td>
              <td
                class="MuiTableCell-root MuiTableCell-body makeStyles-textContainer-9"
              >
                0.00 form_filler.file_uploader_mb
              </td>
              <td
                class="MuiTableCell-root MuiTableCell-body makeStyles-textContainer-9"
              >
                <div>
                  form_filler.file_uploader_list_status_done
                  <i
                    aria-label="form_filler.file_uploader_list_status_done"
                    class="ai ai-check-circle"
                  />
                </div>
              </td>
              <td
                class="MuiTableCell-root MuiTableCell-body MuiTableCell-alignRight"
              >
                <button
                  class="MuiButtonBase-root MuiIconButton-root makeStyles-editTextContainer-8"
                  style="color: black;"
                  tabindex="0"
                  type="button"
                >
                  <span
                    class="MuiIconButton-label"
                  >
                    general.edit_alt
                    <i
                      class="fa fa-editing-file makeStyles-editIcon-7"
                    />
                  </span>
                  <span
                    class="MuiTouchRipple-root"
                  />
                </button>
              </td>
            </tr>
            <tr
              class="MuiTableRow-root"
            >
              <td
                class="MuiTableCell-root MuiTableCell-body"
                colspan="5"
              >
                <div
                  class="makeStyles-editContainer-10"
                  id="attachment-edit-window-attachment-id-4"
                >
                  <div
                    class="MuiGrid-root MuiGrid-container MuiGrid-justify-content-xs-space-between"
                    style="flex-wrap: nowrap;"
                  >
                    <div
                      class="MuiGrid-root makeStyles-textContainer-9"
                      style="flex-shrink: 1;"
                    >
                      <div
                        style="display: flex; flex-grow: 0;"
                      >
                        <div
                          style="text-overflow: ellipsis; overflow: hidden; white-space: nowrap;"
                        >
                          attachment-name-4
                        </div>
                        <div />
                      </div>
                    </div>
                    <div
                      class="MuiGrid-root makeStyles-textContainer-9"
                      style="flex-shrink: 0;"
                    >
                      <div
                        style="display: flex;"
                      >
                        <div
                          style="margin-left: 1.5rem; margin-right: 1.5rem;"
                        >
                          form_filler.file_uploader_list_status_done
                          <i
                            aria-label="form_filler.file_uploader_list_status_done"
                            class="ai ai-check-circle"
                          />
                        </div>
                        <div>
                          <button
                            class="MuiButtonBase-root MuiIconButton-root makeStyles-deleteButton-11"
                            tabindex="0"
                            type="button"
                          >
                            <span
                              class="MuiIconButton-label"
                            >
                              general.delete
                              <i
                                class="ai ai-trash"
                              />
                            </span>
                            <span
                              class="MuiTouchRipple-root"
                            />
                          </button>
                        </div>
                      </div>
                    </div>
                  </div>
                  <div
                    class="MuiGrid-root"
                  >
                    <h6>
                      test
                    </h6>
                    <div
                      class="MuiGrid-root MuiGrid-container MuiGrid-spacing-xs-1"
                    >
                      <div
                        class="MuiGrid-root MuiGrid-item MuiGrid-grid-xs-true"
                      >
                        <select
                          class="makeStyles-select-13 custom-select a-custom-select"
                          id="attachment-tag-dropdown-attachment-id-4"
                          tabindex="0"
                        >
                          <option
                            style="display: none;"
                          />
                          <option
                            value="mock-tag-1"
                          >
                            test
                          </option>
                          <option
                            value="mock-tag-2"
                          >
                            test
                          </option>
                          <option
                            value="mock-tag-3"
                          >
                            test
                          </option>
                        </select>
                      </div>
                      <div
                        class="MuiGrid-root MuiGrid-item MuiGrid-grid-xs-auto"
                      >
                        <div
                          style="margin-top: -6px;"
                        >
                          <button
                            aria-label="general.save"
                            class="MuiButtonBase-root MuiButton-root MuiButton-contained makeStyles-button-16 MuiButton-containedPrimary"
                            id="attachment-save-tag-button-attachment-id-4"
                            style="font-size: 16px;"
                            tabindex="0"
                            type="button"
                          >
                            <span
                              class="MuiButton-label"
                            >
                              <span
                                class=""
                              >
                                general.save
                              </span>
                            </span>
                            <span
                              class="MuiTouchRipple-root"
                            />
                          </button>
                        </div>
                      </div>
                    </div>
                  </div>
                </div>
              </td>
            </tr>
            <tr
              class="MuiTableRow-root"
            >
              <td
                class="MuiTableCell-root MuiTableCell-body"
                colspan="5"
              >
                <div
                  class="makeStyles-editContainer-10"
                  id="attachment-edit-window-attachment-id-5"
                >
                  <div
                    class="MuiGrid-root MuiGrid-container MuiGrid-justify-content-xs-space-between"
                    style="flex-wrap: nowrap;"
                  >
                    <div
                      class="MuiGrid-root makeStyles-textContainer-9"
                      style="flex-shrink: 1;"
                    >
                      <div
                        style="display: flex; flex-grow: 0;"
                      >
                        <div
                          style="text-overflow: ellipsis; overflow: hidden; white-space: nowrap;"
                        >
                          attachment-name-5
                        </div>
                        <div />
                      </div>
                    </div>
                    <div
                      class="MuiGrid-root makeStyles-textContainer-9"
                      style="flex-shrink: 0;"
                    >
                      <div
                        style="display: flex;"
                      >
                        <div
                          style="margin-left: 1.5rem; margin-right: 1.5rem;"
                        >
                          form_filler.file_uploader_list_status_done
                          <i
                            aria-label="form_filler.file_uploader_list_status_done"
                            class="ai ai-check-circle"
                          />
                        </div>
                        <div>
                          <button
                            class="MuiButtonBase-root MuiIconButton-root makeStyles-deleteButton-11"
                            tabindex="0"
                            type="button"
                          >
                            <span
                              class="MuiIconButton-label"
                            >
                              general.delete
                              <i
                                class="ai ai-trash"
                              />
                            </span>
                            <span
                              class="MuiTouchRipple-root"
                            />
                          </button>
                        </div>
                      </div>
                    </div>
                  </div>
                  <div
                    class="MuiGrid-root"
                  >
                    <h6>
                      test
                    </h6>
                    <div
                      class="MuiGrid-root MuiGrid-container MuiGrid-spacing-xs-1"
                    >
                      <div
                        class="MuiGrid-root MuiGrid-item MuiGrid-grid-xs-true"
                      >
                        <select
                          class="makeStyles-select-13 custom-select a-custom-select disabled !important"
                          disabled=""
                          id="attachment-tag-dropdown-attachment-id-5"
                          tabindex="0"
                        >
                          <option
                            style="display: none;"
                          />
                          <option
                            value="mock-tag-1"
                          >
                            test
                          </option>
                          <option
                            value="mock-tag-2"
                          >
                            test
                          </option>
                          <option
                            value="mock-tag-3"
                          >
                            test
                          </option>
                        </select>
                      </div>
                      <div
                        class="MuiGrid-root MuiGrid-item MuiGrid-grid-xs-auto"
                      >
                        <div
                          aria-live="polite"
                          class="a-loader float-left"
                          id="attachment-loader-update-attachment-id-5"
                          style="height: 30px; padding: 7px 34px 5px 28px;"
                        >
                          <div
                            class="loader loader-ellipsis"
                          />
                          <p
                            class="sr-only"
                          >
                            general.loading
                          </p>
                        </div>
                      </div>
                    </div>
                  </div>
                </div>
              </td>
            </tr>
            <tr
              class="MuiTableRow-root"
            >
              <td
                class="MuiTableCell-root MuiTableCell-body"
                colspan="5"
              >
                <div
                  class="makeStyles-editContainer-10"
                  id="attachment-edit-window-attachment-id-6"
                >
                  <div
                    class="MuiGrid-root MuiGrid-container MuiGrid-justify-content-xs-space-between"
                    style="flex-wrap: nowrap;"
                  >
                    <div
                      class="MuiGrid-root makeStyles-textContainer-9"
                      style="flex-shrink: 1;"
                    >
                      <div
                        style="display: flex; flex-grow: 0;"
                      >
                        <div
                          style="text-overflow: ellipsis; overflow: hidden; white-space: nowrap;"
                        >
                          attachment-name-6
                        </div>
                        <div />
                      </div>
                    </div>
                    <div
                      class="MuiGrid-root makeStyles-textContainer-9"
                      style="flex-shrink: 0;"
                    >
                      <div
                        style="display: flex;"
                      >
                        <div
                          style="margin-left: 1.5rem; margin-right: 1.5rem;"
                        >
                          form_filler.file_uploader_list_status_done
                          <i
                            aria-label="form_filler.file_uploader_list_status_done"
                            class="ai ai-check-circle"
                          />
                        </div>
                        <div>
                          <button
                            class="MuiButtonBase-root MuiIconButton-root makeStyles-deleteButton-11"
                            tabindex="0"
                            type="button"
                          >
                            <span
                              class="MuiIconButton-label"
                            >
                              general.delete
                              <i
                                class="ai ai-trash"
                              />
                            </span>
                            <span
                              class="MuiTouchRipple-root"
                            />
                          </button>
                        </div>
                      </div>
                    </div>
                  </div>
                  <div
                    class="MuiGrid-root"
                  >
                    <h6>
                      test
                    </h6>
                    <div
                      class="MuiGrid-root MuiGrid-container MuiGrid-spacing-xs-1"
                    >
                      <div
                        class="MuiGrid-root MuiGrid-item MuiGrid-grid-xs-true"
                      >
                        <select
                          class="makeStyles-select-13 custom-select a-custom-select"
                          id="attachment-tag-dropdown-attachment-id-6"
                          tabindex="0"
                        >
                          <option
                            style="display: none;"
                          />
                          <option
                            value="mock-tag-1"
                          >
                            test
                          </option>
                          <option
                            value="mock-tag-2"
                          >
                            test
                          </option>
                          <option
                            value="mock-tag-3"
                          >
                            test
                          </option>
                        </select>
                      </div>
                      <div
                        class="MuiGrid-root MuiGrid-item MuiGrid-grid-xs-auto"
                      >
                        <div
                          style="margin-top: -6px;"
                        >
                          <button
                            aria-label="general.save"
                            class="MuiButtonBase-root MuiButton-root MuiButton-contained makeStyles-button-16 MuiButton-containedPrimary"
                            id="attachment-save-tag-button-attachment-id-6"
                            style="font-size: 16px;"
                            tabindex="0"
                            type="button"
                          >
                            <span
                              class="MuiButton-label"
                            >
                              <span
                                class=""
                              >
                                general.save
                              </span>
                            </span>
                            <span
                              class="MuiTouchRipple-root"
                            />
                          </button>
                        </div>
                      </div>
                    </div>
                  </div>
                </div>
              </td>
            </tr>
          </tbody>
        </table>
      </div>
    </div>
  </div>
</DocumentFragment>
`;
