// Jest Snapshot v1, https://goo.gl/fbAQLP

exports[`>>> components/base/ParagraphComponent.tsx --- Snapshot +++ should match snapshot 1`] = `
<p
  className="MuiTypography-root MuiTypography-body1"
  id="mock-id"
  style={
    Object {
      "marginTop": "2.4rem",
    }
  }
>
  Here goes a paragraph
</p>
`;
