
[controller Operator should clean up on deletion - 1]
{
 "apiVersion": "v1",
 "data": {},
 "immutable": false,
 "kind": "Secret",
 "metadata": {
  "annotations": {
   "meta.helm.sh/release-name": "ttd-localtestapp",
   "meta.helm.sh/release-namespace": "default"
  },
  "creationTimestamp": "2024-01-01T00:00:00Z",
  "labels": {
   "app": "ttd-localtestapp-deployment",
   "app.kubernetes.io/managed-by": "Helm",
   "chart": "deployment-3.10.0",
   "helm.toolkit.fluxcd.io/name": "ttd-localtestapp",
   "helm.toolkit.fluxcd.io/namespace": "default",
   "heritage": "Helm",
   "release": "ttd-localtestapp"
  },
  "name": "ttd-localtestapp-deployment-secrets",
  "namespace": "default",
  "resourceVersion": "<sanitized-resource-version>",
  "uid": "<sanitized-uid>"
 },
 "type": "Opaque"
}
---
