// Jest Snapshot v1, https://goo.gl/fbAQLP

exports[`components/message/MessageComponent.tsx should match snapshot 1`] = `
<div
  className="field-validation-error a-message"
  id="mockId"
  style={
    Object {
      "display": "block",
      "width": "fit-content",
    }
  }
>
  <div
    className="MuiGrid-root MuiGrid-container MuiGrid-spacing-xs-2"
  >
    <div
      className="MuiGrid-root MuiGrid-item MuiGrid-grid-xs-2"
    >
      <i
        className=""
        style={
          Object {
            "fontSize": "1.8em",
            "marginTop": "-2px",
          }
        }
      />
    </div>
    <div
      className="MuiGrid-root MuiGrid-item MuiGrid-grid-xs-10"
    >
      <ol>
        <li>
          this is a message
        </li>
      </ol>
    </div>
  </div>
</div>
`;
