// Jest Snapshot v1, https://goo.gl/fbAQLP

exports[`>>> components/advanced/AddressComponent.tsx snapshot >>> Capture snapshot of AddressComponent 1`] = `
<div
  className="address-component"
>
  <label
    className="address-component-label"
  >
    Adresse
    <span
      className="address-component-label-smaller"
    >
       (
      general.optional
      )
    </span>
  </label>
  <input
    className="form-control"
    onBlur={[Function]}
    onChange={[Function]}
    readOnly={false}
    required={false}
    value="adresse 1"
  />
  <div
    className="address-component-postplace-zipCode"
  >
    <div
      className="address-component-zipCode"
    >
      <label
        className="address-component-label"
      >
        Postnr
        <span
          className="address-component-label-smaller"
        >
           (
          general.optional
          )
        </span>
      </label>
      <input
        className="address-component-small-inputs form-control"
        onBlur={[Function]}
        onChange={[Function]}
        readOnly={false}
        required={false}
        value=""
      />
    </div>
    <div
      className="address-component-postplace"
    >
      <label
        className="address-component-label"
      >
        Poststed
      </label>
      <input
        className="form-control"
        disabled={true}
        readOnly={true}
        value=""
      />
    </div>
  </div>
</div>
`;
