// Jest Snapshot v1, https://goo.gl/fbAQLP

exports[`Administration Should match snapshot 1`] = `
<div
  data-testid="administration-container"
>
  <div>
    VersionControlHeader
  </div>
  <div
    className="AltinnColumnLayout-mainLayout-11"
    id="altinn-column-layout-container"
  >
    <div
      className="MuiGrid-root AltinnColumnLayout-layout-10 MuiGrid-container"
    >
      <div
        className="MuiGrid-root MuiGrid-item MuiGrid-grid-md-8"
      >
        <div
          className="MuiGrid-root AltinnColumnLayout-mainStyle-1 MuiGrid-item MuiGrid-grid-md-12"
        >
          <p
            className="MuiTypography-root AltinnColumnLayout-headerStyle-2 MuiTypography-body1"
            id="altinn-column-layout-header"
          >
            administration.administration
          </p>
        </div>
        <div
          className="MuiGrid-root AltinnColumnLayout-mainStyle-1 MuiGrid-item MuiGrid-grid-md-12"
          id="altinn-column-layout-main-content"
        >
          <div
            className="makeStyles-marginBottom_24-13"
          >
            <h2
              className="MuiTypography-root AltinnInputField-inputHeader-14 MuiTypography-h2"
              style={
                Object {
                  "fontSize": 20,
                  "fontWeight": 500,
                }
              }
            >
              general.service_name
            </h2>
            <p
              className="MuiTypography-root AltinnInputField-descriptionInput-16 AltinnInputField-marginTop_10-15 MuiTypography-body1"
            >
              administration.service_name_administration_description
            </p>
            <div
              className="MuiFormControl-root AltinnInputField-inputField-17 AltinnInputField-disabled-19 AltinnInputField-marginTop_10-15 MuiFormControl-fullWidth"
              id="administrationInputServicename"
              style={null}
            >
              <div
                className="MuiFormControl-root MuiTextField-root"
              >
                <div
                  className="MuiInputBase-root MuiInput-root AltinnInputField-inputFieldText-18 Mui-disabled Mui-disabled MuiInputBase-formControl MuiInput-formControl"
                  onClick={[Function]}
                >
                  <input
                    aria-invalid={false}
                    autoFocus={false}
                    className="MuiInputBase-input MuiInput-input Mui-disabled Mui-disabled"
                    disabled={true}
                    id="administrationInputServicename_textField"
                    onAnimationStart={[Function]}
                    onBlur={[Function]}
                    onChange={[Function]}
                    onFocus={[Function]}
                    required={false}
                    rows={null}
                    type="text"
                    value="Service name"
                  />
                </div>
              </div>
            </div>
            <button
              className="MuiButtonBase-root MuiButton-root MuiButton-text AltinnInputField-btn-20 makeStyles-secondaryButton-25 MuiButton-textPrimary"
              disabled={false}
              onBlur={[Function]}
              onClick={[Function]}
              onDragLeave={[Function]}
              onFocus={[Function]}
              onKeyDown={[Function]}
              onKeyUp={[Function]}
              onMouseDown={[Function]}
              onMouseLeave={[Function]}
              onMouseUp={[Function]}
              onTouchEnd={[Function]}
              onTouchMove={[Function]}
              onTouchStart={[Function]}
              style={
                Object {
                  "fontSize": 16,
                }
              }
              tabIndex={0}
              type="button"
            >
              <span
                className="MuiButton-label"
              >
                <span
                  className="makeStyles-borderBottom-22"
                >
                  general.edit
                </span>
              </span>
            </button>
          </div>
          <div
            className="makeStyles-marginBottom_24-13"
          >
            <h2
              className="MuiTypography-root AltinnInputField-inputHeader-14 MuiTypography-h2"
              style={
                Object {
                  "fontSize": 20,
                  "fontWeight": 500,
                }
              }
            >
              administration.service_id
            </h2>
            <p
              className="MuiTypography-root AltinnInputField-descriptionInput-16 AltinnInputField-marginTop_10-15 MuiTypography-body1"
            >
              administration.service_id_description
            </p>
            <div
              className="MuiFormControl-root AltinnInputField-inputField-17 AltinnInputField-marginTop_10-15 MuiFormControl-fullWidth"
              id="administrationInputServiceid"
            >
              <div
                className="MuiFormControl-root MuiTextField-root"
              >
                <div
                  className="MuiInputBase-root MuiInput-root AltinnInputField-inputFieldText-18 MuiInputBase-formControl MuiInput-formControl"
                  onClick={[Function]}
                >
                  <input
                    aria-invalid={false}
                    autoFocus={false}
                    className="MuiInputBase-input MuiInput-input"
                    disabled={false}
                    id="administrationInputServiceid_textField"
                    onAnimationStart={[Function]}
                    onBlur={[Function]}
                    onChange={[Function]}
                    onFocus={[Function]}
                    required={false}
                    rows={null}
                    type="text"
                    value="service id"
                  />
                </div>
              </div>
            </div>
          </div>
          <div
            className="makeStyles-marginBottom_24-13"
          >
            <h2
              className="MuiTypography-root AltinnInputField-inputHeader-14 MuiTypography-h2"
              style={
                Object {
                  "fontSize": 20,
                  "fontWeight": 500,
                }
              }
            >
              general.service_saved_name
            </h2>
            <p
              className="MuiTypography-root AltinnInputField-descriptionInput-16 AltinnInputField-marginTop_10-15 MuiTypography-body1"
            >
              administration.service_saved_name_administration_description
            </p>
            <div
              className="MuiFormControl-root AltinnInputField-inputField-17 AltinnInputField-disabled-19 AltinnInputField-marginTop_10-15 MuiFormControl-fullWidth"
              id="administrationInputReponame"
            >
              <div
                className="MuiFormControl-root MuiTextField-root"
              >
                <div
                  className="MuiInputBase-root MuiInput-root AltinnInputField-inputFieldText-18 Mui-disabled Mui-disabled MuiInputBase-formControl MuiInput-formControl"
                  onClick={[Function]}
                >
                  <input
                    aria-invalid={false}
                    autoFocus={false}
                    className="MuiInputBase-input MuiInput-input Mui-disabled Mui-disabled"
                    disabled={true}
                    onAnimationStart={[Function]}
                    onBlur={[Function]}
                    onChange={[Function]}
                    onFocus={[Function]}
                    required={false}
                    rows={null}
                    type="text"
                    value="CoolService"
                  />
                </div>
              </div>
            </div>
          </div>
          <div
            className="makeStyles-marginBottom_24-13"
          >
            <h2
              className="MuiTypography-root AltinnInputField-inputHeader-14 MuiTypography-h2"
              style={
                Object {
                  "fontSize": 20,
                  "fontWeight": 500,
                }
              }
            >
              administration.service_comment
            </h2>
            <p
              className="MuiTypography-root AltinnInputField-descriptionInput-16 AltinnInputField-marginTop_10-15 MuiTypography-body1"
            >
              administration.service_comment_description
            </p>
            <div
              className="MuiFormControl-root AltinnInputField-inputField-17 AltinnInputField-marginTop_10-15 MuiFormControl-fullWidth"
              id="administrationInputDescription"
            >
              <div
                className="MuiFormControl-root MuiTextField-root"
              >
                <div
                  className="MuiInputBase-root MuiInput-root AltinnInputField-inputFieldText-18 MuiInputBase-formControl MuiInput-formControl MuiInputBase-multiline MuiInput-multiline"
                  onClick={[Function]}
                >
                  <textarea
                    aria-invalid={false}
                    autoFocus={false}
                    className="MuiInputBase-input MuiInput-input MuiInputBase-inputMultiline MuiInput-inputMultiline"
                    disabled={false}
                    id="administrationInputDescription_textField"
                    onAnimationStart={[Function]}
                    onBlur={[Function]}
                    onChange={[Function]}
                    onFocus={[Function]}
                    required={false}
                    rows={7}
                    value=""
                  />
                </div>
              </div>
            </div>
          </div>
        </div>
      </div>
      <div
        className="MuiGrid-root AltinnColumnLayout-sidebar-3 MuiGrid-item MuiGrid-grid-md-4"
        id="altinn-column-layout-side-menu"
      >
        <p
          className="MuiTypography-root makeStyles-sidebarHeader-28 MuiTypography-body1"
        >
          general.service_owner
        </p>
        <p
          className="MuiTypography-root makeStyles-sidebarInfoText-30 MuiTypography-body1"
        >
          administration.service_owner_is
        </p>
        <p
          className="MuiTypography-root makeStyles-sidebarServiceOwner-32 makeStyles-sidebarInfoText-30 MuiTypography-body1"
        >
          <img
            alt=""
            className="makeStyles-avatar-27"
            src=""
          />
           
          Mons Monsen
        </p>
        <p
          className="MuiTypography-root makeStyles-sidebarCreatedBy-33 MuiTypography-body1"
        >
          administration.created_by
           
          Per 
        </p>
        <p
          className="MuiTypography-root makeStyles-sidebarHeader-28 makeStyles-sidebarHeaderSecond-29 MuiTypography-body1"
        >
          administration.reset_repo_heading
        </p>
        <div
          className="MuiTypography-root makeStyles-sidebarInfoText-30 makeStyles-sidebarInfoTextList-31 MuiTypography-body1"
        >
          <ul>
            <li>
              administration.reset_repo_info_i1
            </li>
            <li>
              administration.reset_repo_info_i2
            </li>
            <li>
              administration.reset_repo_info_i3
            </li>
          </ul>
        </div>
        <button
          className="MuiButtonBase-root MuiButton-root MuiButton-contained makeStyles-button-24 MuiButton-containedPrimary"
          disabled={false}
          id="reset-repo-button"
          onBlur={[Function]}
          onClick={[Function]}
          onDragLeave={[Function]}
          onFocus={[Function]}
          onKeyDown={[Function]}
          onKeyUp={[Function]}
          onMouseDown={[Function]}
          onMouseLeave={[Function]}
          onMouseUp={[Function]}
          onTouchEnd={[Function]}
          onTouchMove={[Function]}
          onTouchStart={[Function]}
          style={
            Object {
              "fontSize": 16,
            }
          }
          tabIndex={0}
          type="button"
        >
          <span
            className="MuiButton-label"
          >
            <span
              className=""
            >
              administration.reset_repo_button
            </span>
          </span>
        </button>
        <div
          data-testid="reset-repo-container"
        />
      </div>
    </div>
  </div>
</div>
`;
