// Jest Snapshot v1, https://goo.gl/fbAQLP

exports[`DataModeling Should match snapshot 1`] = `
<div
  class="makeStyles-root-1"
>
  <div
    class="MuiGrid-root MuiGrid-container"
  >
    <div
      class="MuiGrid-root MuiGrid-item"
    >
      <button
        class="MuiButtonBase-root MuiButton-root MuiButton-contained makeStyles-button-3"
        id="new-button"
        tabindex="0"
        type="button"
      >
        <span
          class="MuiButton-label"
        >
          <span
            class="MuiButton-startIcon MuiButton-iconSizeMedium"
          >
            <svg
              aria-hidden="true"
              class="MuiSvgIcon-root"
              focusable="false"
              viewBox="0 0 24 24"
            >
              <path
                d="M13 7h-2v4H7v2h4v4h2v-4h4v-2h-4V7zm-1-5C6.48 2 2 6.48 2 12s4.48 10 10 10 10-4.48 10-10S17.52 2 12 2zm0 18c-4.41 0-8-3.59-8-8s3.59-8 8-8 8 3.59 8 8-3.59 8-8 8z"
              />
            </svg>
          </span>
          general.create_new
        </span>
        <span
          class="MuiTouchRipple-root"
        />
      </button>
    </div>
    <div
      class="MuiGrid-root MuiGrid-item MuiGrid-grid-xs-4"
    >
      <div
        class="makeStyles-select-5 css-2b097c-container"
        id="schema-select-schema"
      >
        <span
          aria-atomic="false"
          aria-live="polite"
          aria-relevant="additions text"
          class="css-1f43avz-a11yText-A11yText"
        />
        <div
          class=" css-yk16xz-control"
        >
          <div
            class=" css-g1d714-ValueContainer"
          >
            <div
              class=" css-1uccc91-singleValue"
            >
              test
            </div>
            <div
              class="css-b8ldur-Input"
            >
              <div
                class=""
                style="display: inline-block;"
              >
                <input
                  aria-autocomplete="list"
                  autocapitalize="none"
                  autocomplete="off"
                  autocorrect="off"
                  id="react-select-2-input"
                  spellcheck="false"
                  style="box-sizing: content-box; width: 2px; border: 0px; opacity: 1; outline: 0; padding: 0px;"
                  tabindex="0"
                  type="text"
                  value=""
                />
                <div
                  style="position: absolute; top: 0px; left: 0px; visibility: hidden; height: 0px; overflow: scroll; white-space: pre; font-family: -webkit-small-control; letter-spacing: normal; text-transform: none;"
                />
              </div>
            </div>
          </div>
          <div
            class=" css-1hb7zxy-IndicatorsContainer"
          >
            <span
              class=" css-1okebmr-indicatorSeparator"
            />
            <div
              aria-hidden="true"
              class=" css-tlfecz-indicatorContainer"
            >
              <svg
                aria-hidden="true"
                class="css-tj5bde-Svg"
                focusable="false"
                height="20"
                viewBox="0 0 20 20"
                width="20"
              >
                <path
                  d="M4.516 7.548c0.436-0.446 1.043-0.481 1.576 0l3.908 3.747 3.908-3.747c0.533-0.481 1.141-0.446 1.574 0 0.436 0.445 0.408 1.197 0 1.615-0.406 0.418-4.695 4.502-4.695 4.502-0.217 0.223-0.502 0.335-0.787 0.335s-0.57-0.112-0.789-0.335c0 0-4.287-4.084-4.695-4.502s-0.436-1.17 0-1.615z"
                />
              </svg>
            </div>
          </div>
        </div>
      </div>
    </div>
    <div
      class="MuiGrid-root MuiGrid-item"
    >
      <button
        class="MuiButtonBase-root MuiButton-root MuiButton-contained makeStyles-button-3"
        id="delete-button"
        tabindex="0"
        type="button"
      >
        <span
          class="MuiButton-label"
        >
          <span
            class="MuiButton-startIcon MuiButton-iconSizeMedium"
          >
            <svg
              aria-hidden="true"
              class="MuiSvgIcon-root"
              focusable="false"
              viewBox="0 0 24 24"
            >
              <path
                d="M6 19c0 1.1.9 2 2 2h8c1.1 0 2-.9 2-2V7H6v12zM8 9h8v10H8V9zm7.5-5l-1-1h-5l-1 1H5v2h14V4z"
              />
            </svg>
          </span>
          general.delete
        </span>
        <span
          class="MuiTouchRipple-root"
        />
      </button>
    </div>
  </div>
  <div
    id="schema-editor-container"
  >
    <div
      class="makeStyles-root-19"
    >
      <div
        class="MuiGrid-root MuiGrid-container"
      >
        <div
          class="MuiGrid-root MuiGrid-item MuiGrid-grid-xs-7"
        >
          <div
            class="makeStyles-root-19"
            id="schema-editor"
          >
            <button
              class="makeStyles-button-21"
              type="button"
            >
              schema_editor.save_data_model
            </button>
            <ul
              aria-multiselectable="false"
              class="MuiTreeView-root makeStyles-tree-20"
              role="tree"
            >
              <li
                aria-expanded="true"
                class="MuiTreeItem-root makeStyles-treeItem-22 Mui-expanded"
                id="properties"
                role="treeitem"
                tabindex="0"
              >
                <div
                  class="MuiTreeItem-content"
                >
                  <div
                    class="MuiTreeItem-iconContainer"
                  >
                    <svg
                      aria-hidden="true"
                      class="MuiSvgIcon-root"
                      focusable="false"
                      viewBox="0 0 24 24"
                    >
                      <path
                        d="M7 10l5 5 5-5z"
                      />
                    </svg>
                  </div>
                  <div
                    class="MuiTypography-root MuiTreeItem-label MuiTypography-body1"
                  >
                    <div
                      class="makeStyles-propertiesLabel-49"
                    >
                      <div
                        class="makeStyles-label-50"
                      >
                        <span
                          class="makeStyles-iconContainer-51"
                        >
                          <i
                            class="fa fa-datamodel-properties"
                            style="color: white; text-align: center;"
                          />
                        </span>
                         
                        schema_editor.properties
                      </div>
                      <button
                        aria-controls="simple-menu"
                        aria-haspopup="true"
                        class="MuiButtonBase-root MuiIconButton-root makeStyles-contextButton-48"
                        id="open-context-menu-button"
                        tabindex="0"
                        type="button"
                      >
                        <span
                          class="MuiIconButton-label"
                        >
                          <i
                            class="fa fa-ellipsismenu"
                          />
                        </span>
                        <span
                          class="MuiTouchRipple-root"
                        />
                      </button>
                    </div>
                  </div>
                </div>
                <ul
                  class="MuiCollapse-container MuiTreeItem-group MuiCollapse-entered"
                  role="group"
                  style="min-height: 0px;"
                >
                  <div
                    class="MuiCollapse-wrapper"
                  >
                    <div
                      class="MuiCollapse-wrapperInner"
                    >
                      <li
                        aria-expanded="false"
                        class="MuiTreeItem-root makeStyles-treeItem-391"
                        role="treeitem"
                        tabindex="-1"
                      >
                        <div
                          class="MuiTreeItem-content"
                        >
                          <div
                            class="MuiTreeItem-iconContainer"
                          >
                            <svg
                              aria-hidden="true"
                              class="MuiSvgIcon-root"
                              focusable="false"
                              viewBox="0 0 24 24"
                            >
                              <path
                                d="M10 17l5-5-5-5v10z"
                              />
                            </svg>
                          </div>
                          <div
                            class="MuiTypography-root MuiTreeItem-label MuiTypography-body1"
                          >
                            <div
                              class="makeStyles-labelRoot-383"
                            >
                              <p
                                class="MuiTypography-root makeStyles-label-384 MuiTypography-body1"
                              >
                                <span
                                  class="makeStyles-iconContainer-390"
                                >
                                  <i
                                    class="fa fa-datamodel-ref"
                                    style="color: white; text-align: center;"
                                  />
                                </span>
                                 
                                melding
                                 
                                : ForhåndsmeldingMidlertidigArbeidssted2011_M
                              </p>
                              <button
                                aria-controls="simple-menu"
                                aria-haspopup="true"
                                class="MuiButtonBase-root MuiIconButton-root makeStyles-contextButton-388"
                                id="open-context-menu-button"
                                tabindex="0"
                                type="button"
                              >
                                <span
                                  class="MuiIconButton-label"
                                >
                                  <i
                                    class="fa fa-ellipsismenu"
                                  />
                                </span>
                                <span
                                  class="MuiTouchRipple-root"
                                />
                              </button>
                            </div>
                          </div>
                        </div>
                      </li>
                    </div>
                  </div>
                </ul>
              </li>
              <li
                class="MuiTreeItem-root"
                role="treeitem"
                tabindex="-1"
              >
                <div
                  class="MuiTreeItem-content"
                >
                  <div
                    class="MuiTreeItem-iconContainer"
                  />
                  <div
                    class="MuiTypography-root MuiTreeItem-label MuiTypography-body1"
                  >
                    info
                  </div>
                </div>
              </li>
              <li
                aria-expanded="true"
                class="MuiTreeItem-root Mui-expanded"
                role="treeitem"
                tabindex="-1"
              >
                <div
                  class="MuiTreeItem-content"
                >
                  <div
                    class="MuiTreeItem-iconContainer"
                  >
                    <svg
                      aria-hidden="true"
                      class="MuiSvgIcon-root"
                      focusable="false"
                      viewBox="0 0 24 24"
                    >
                      <path
                        d="M7 10l5 5 5-5z"
                      />
                    </svg>
                  </div>
                  <div
                    class="MuiTypography-root MuiTreeItem-label MuiTypography-body1"
                  >
                    definitions
                  </div>
                </div>
                <ul
                  class="MuiCollapse-container MuiTreeItem-group MuiCollapse-entered"
                  role="group"
                  style="min-height: 0px;"
                >
                  <div
                    class="MuiCollapse-wrapper"
                  >
                    <div
                      class="MuiCollapse-wrapperInner"
                    >
                      <li
                        aria-expanded="false"
                        class="MuiTreeItem-root makeStyles-treeItem-72"
                        id="definitionsForhåndsmeldingMidlertidigArbeidssted2011_M"
                        role="treeitem"
                        tabindex="-1"
                      >
                        <div
                          class="MuiTreeItem-content"
                        >
                          <div
                            class="MuiTreeItem-iconContainer"
                          >
                            <svg
                              aria-hidden="true"
                              class="MuiSvgIcon-root"
                              focusable="false"
                              viewBox="0 0 24 24"
                            >
                              <path
                                d="M10 17l5-5-5-5v10z"
                              />
                            </svg>
                          </div>
                          <div
                            class="MuiTypography-root MuiTreeItem-label MuiTypography-body1"
                          >
                            <div
                              class="makeStyles-labelRoot-64"
                            >
                              <p
                                class="MuiTypography-root makeStyles-label-65 MuiTypography-body1"
                              >
                                <span
                                  class="makeStyles-iconContainer-71"
                                >
                                  <i
                                    class="fa fa-datamodel-object"
                                    style="color: white; text-align: center;"
                                  />
                                </span>
                                 
                                ForhåndsmeldingMidlertidigArbeidssted2011_M
                              </p>
                              <button
                                aria-controls="simple-menu"
                                aria-haspopup="true"
                                class="MuiButtonBase-root MuiIconButton-root makeStyles-contextButton-69"
                                id="open-context-menu-button"
                                tabindex="0"
                                type="button"
                              >
                                <span
                                  class="MuiIconButton-label"
                                >
                                  <i
                                    class="fa fa-ellipsismenu"
                                  />
                                </span>
                                <span
                                  class="MuiTouchRipple-root"
                                />
                              </button>
                            </div>
                          </div>
                        </div>
                      </li>
                      <li
                        class="MuiTreeItem-root makeStyles-treeItem-83"
                        id="definitionsengasjertEnhet"
                        role="treeitem"
                        tabindex="-1"
                      >
                        <div
                          class="MuiTreeItem-content"
                        >
                          <div
                            class="MuiTreeItem-iconContainer"
                          />
                          <div
                            class="MuiTypography-root MuiTreeItem-label MuiTypography-body1"
                          >
                            <div
                              class="makeStyles-labelRoot-75"
                            >
                              <p
                                class="MuiTypography-root makeStyles-label-76 MuiTypography-body1"
                              >
                                <span
                                  class="makeStyles-iconContainer-82"
                                >
                                  <i
                                    class="fa fa-datamodel-object"
                                    style="color: white; text-align: center;"
                                  />
                                </span>
                                 
                                engasjertEnhet
                              </p>
                              <button
                                aria-controls="simple-menu"
                                aria-haspopup="true"
                                class="MuiButtonBase-root MuiIconButton-root makeStyles-contextButton-80"
                                id="open-context-menu-button"
                                tabindex="0"
                                type="button"
                              >
                                <span
                                  class="MuiIconButton-label"
                                >
                                  <i
                                    class="fa fa-ellipsismenu"
                                  />
                                </span>
                                <span
                                  class="MuiTouchRipple-root"
                                />
                              </button>
                            </div>
                          </div>
                        </div>
                      </li>
                      <li
                        aria-expanded="false"
                        class="MuiTreeItem-root makeStyles-treeItem-94"
                        id="definitionsInnrapporterteData"
                        role="treeitem"
                        tabindex="-1"
                      >
                        <div
                          class="MuiTreeItem-content"
                        >
                          <div
                            class="MuiTreeItem-iconContainer"
                          >
                            <svg
                              aria-hidden="true"
                              class="MuiSvgIcon-root"
                              focusable="false"
                              viewBox="0 0 24 24"
                            >
                              <path
                                d="M10 17l5-5-5-5v10z"
                              />
                            </svg>
                          </div>
                          <div
                            class="MuiTypography-root MuiTreeItem-label MuiTypography-body1"
                          >
                            <div
                              class="makeStyles-labelRoot-86"
                            >
                              <p
                                class="MuiTypography-root makeStyles-label-87 MuiTypography-body1"
                              >
                                <span
                                  class="makeStyles-iconContainer-93"
                                >
                                  <i
                                    class="fa fa-datamodel-object"
                                    style="color: white; text-align: center;"
                                  />
                                </span>
                                 
                                InnrapporterteData
                              </p>
                              <button
                                aria-controls="simple-menu"
                                aria-haspopup="true"
                                class="MuiButtonBase-root MuiIconButton-root makeStyles-contextButton-91"
                                id="open-context-menu-button"
                                tabindex="0"
                                type="button"
                              >
                                <span
                                  class="MuiIconButton-label"
                                >
                                  <i
                                    class="fa fa-ellipsismenu"
                                  />
                                </span>
                                <span
                                  class="MuiTouchRipple-root"
                                />
                              </button>
                            </div>
                          </div>
                        </div>
                      </li>
                      <li
                        aria-expanded="false"
                        class="MuiTreeItem-root makeStyles-treeItem-105"
                        id="definitionsProsjekt"
                        role="treeitem"
                        tabindex="-1"
                      >
                        <div
                          class="MuiTreeItem-content"
                        >
                          <div
                            class="MuiTreeItem-iconContainer"
                          >
                            <svg
                              aria-hidden="true"
                              class="MuiSvgIcon-root"
                              focusable="false"
                              viewBox="0 0 24 24"
                            >
                              <path
                                d="M10 17l5-5-5-5v10z"
                              />
                            </svg>
                          </div>
                          <div
                            class="MuiTypography-root MuiTreeItem-label MuiTypography-body1"
                          >
                            <div
                              class="makeStyles-labelRoot-97"
                            >
                              <p
                                class="MuiTypography-root makeStyles-label-98 MuiTypography-body1"
                              >
                                <span
                                  class="makeStyles-iconContainer-104"
                                >
                                  <i
                                    class="fa fa-datamodel-object"
                                    style="color: white; text-align: center;"
                                  />
                                </span>
                                 
                                Prosjekt
                              </p>
                              <button
                                aria-controls="simple-menu"
                                aria-haspopup="true"
                                class="MuiButtonBase-root MuiIconButton-root makeStyles-contextButton-102"
                                id="open-context-menu-button"
                                tabindex="0"
                                type="button"
                              >
                                <span
                                  class="MuiIconButton-label"
                                >
                                  <i
                                    class="fa fa-ellipsismenu"
                                  />
                                </span>
                                <span
                                  class="MuiTouchRipple-root"
                                />
                              </button>
                            </div>
                          </div>
                        </div>
                      </li>
                      <li
                        aria-expanded="false"
                        class="MuiTreeItem-root makeStyles-treeItem-116"
                        id="definitionsAdresse"
                        role="treeitem"
                        tabindex="-1"
                      >
                        <div
                          class="MuiTreeItem-content"
                        >
                          <div
                            class="MuiTreeItem-iconContainer"
                          >
                            <svg
                              aria-hidden="true"
                              class="MuiSvgIcon-root"
                              focusable="false"
                              viewBox="0 0 24 24"
                            >
                              <path
                                d="M10 17l5-5-5-5v10z"
                              />
                            </svg>
                          </div>
                          <div
                            class="MuiTypography-root MuiTreeItem-label MuiTypography-body1"
                          >
                            <div
                              class="makeStyles-labelRoot-108"
                            >
                              <p
                                class="MuiTypography-root makeStyles-label-109 MuiTypography-body1"
                              >
                                <span
                                  class="makeStyles-iconContainer-115"
                                >
                                  <i
                                    class="fa fa-datamodel-object"
                                    style="color: white; text-align: center;"
                                  />
                                </span>
                                 
                                Adresse
                              </p>
                              <button
                                aria-controls="simple-menu"
                                aria-haspopup="true"
                                class="MuiButtonBase-root MuiIconButton-root makeStyles-contextButton-113"
                                id="open-context-menu-button"
                                tabindex="0"
                                type="button"
                              >
                                <span
                                  class="MuiIconButton-label"
                                >
                                  <i
                                    class="fa fa-ellipsismenu"
                                  />
                                </span>
                                <span
                                  class="MuiTouchRipple-root"
                                />
                              </button>
                            </div>
                          </div>
                        </div>
                      </li>
                      <li
                        aria-expanded="false"
                        class="MuiTreeItem-root makeStyles-treeItem-127"
                        id="definitionsByggherre"
                        role="treeitem"
                        tabindex="-1"
                      >
                        <div
                          class="MuiTreeItem-content"
                        >
                          <div
                            class="MuiTreeItem-iconContainer"
                          >
                            <svg
                              aria-hidden="true"
                              class="MuiSvgIcon-root"
                              focusable="false"
                              viewBox="0 0 24 24"
                            >
                              <path
                                d="M10 17l5-5-5-5v10z"
                              />
                            </svg>
                          </div>
                          <div
                            class="MuiTypography-root MuiTreeItem-label MuiTypography-body1"
                          >
                            <div
                              class="makeStyles-labelRoot-119"
                            >
                              <p
                                class="MuiTypography-root makeStyles-label-120 MuiTypography-body1"
                              >
                                <span
                                  class="makeStyles-iconContainer-126"
                                >
                                  <i
                                    class="fa fa-datamodel-object"
                                    style="color: white; text-align: center;"
                                  />
                                </span>
                                 
                                Byggherre
                              </p>
                              <button
                                aria-controls="simple-menu"
                                aria-haspopup="true"
                                class="MuiButtonBase-root MuiIconButton-root makeStyles-contextButton-124"
                                id="open-context-menu-button"
                                tabindex="0"
                                type="button"
                              >
                                <span
                                  class="MuiIconButton-label"
                                >
                                  <i
                                    class="fa fa-ellipsismenu"
                                  />
                                </span>
                                <span
                                  class="MuiTouchRipple-root"
                                />
                              </button>
                            </div>
                          </div>
                        </div>
                      </li>
                      <li
                        aria-expanded="false"
                        class="MuiTreeItem-root makeStyles-treeItem-138"
                        id="definitionsKontaktperson"
                        role="treeitem"
                        tabindex="-1"
                      >
                        <div
                          class="MuiTreeItem-content"
                        >
                          <div
                            class="MuiTreeItem-iconContainer"
                          >
                            <svg
                              aria-hidden="true"
                              class="MuiSvgIcon-root"
                              focusable="false"
                              viewBox="0 0 24 24"
                            >
                              <path
                                d="M10 17l5-5-5-5v10z"
                              />
                            </svg>
                          </div>
                          <div
                            class="MuiTypography-root MuiTreeItem-label MuiTypography-body1"
                          >
                            <div
                              class="makeStyles-labelRoot-130"
                            >
                              <p
                                class="MuiTypography-root makeStyles-label-131 MuiTypography-body1"
                              >
                                <span
                                  class="makeStyles-iconContainer-137"
                                >
                                  <i
                                    class="fa fa-datamodel-object"
                                    style="color: white; text-align: center;"
                                  />
                                </span>
                                 
                                Kontaktperson
                              </p>
                              <button
                                aria-controls="simple-menu"
                                aria-haspopup="true"
                                class="MuiButtonBase-root MuiIconButton-root makeStyles-contextButton-135"
                                id="open-context-menu-button"
                                tabindex="0"
                                type="button"
                              >
                                <span
                                  class="MuiIconButton-label"
                                >
                                  <i
                                    class="fa fa-ellipsismenu"
                                  />
                                </span>
                                <span
                                  class="MuiTouchRipple-root"
                                />
                              </button>
                            </div>
                          </div>
                        </div>
                      </li>
                      <li
                        aria-expanded="false"
                        class="MuiTreeItem-root makeStyles-treeItem-149"
                        id="definitionsByggherrePerson"
                        role="treeitem"
                        tabindex="-1"
                      >
                        <div
                          class="MuiTreeItem-content"
                        >
                          <div
                            class="MuiTreeItem-iconContainer"
                          >
                            <svg
                              aria-hidden="true"
                              class="MuiSvgIcon-root"
                              focusable="false"
                              viewBox="0 0 24 24"
                            >
                              <path
                                d="M10 17l5-5-5-5v10z"
                              />
                            </svg>
                          </div>
                          <div
                            class="MuiTypography-root MuiTreeItem-label MuiTypography-body1"
                          >
                            <div
                              class="makeStyles-labelRoot-141"
                            >
                              <p
                                class="MuiTypography-root makeStyles-label-142 MuiTypography-body1"
                              >
                                <span
                                  class="makeStyles-iconContainer-148"
                                >
                                  <i
                                    class="fa fa-datamodel-object"
                                    style="color: white; text-align: center;"
                                  />
                                </span>
                                 
                                ByggherrePerson
                              </p>
                              <button
                                aria-controls="simple-menu"
                                aria-haspopup="true"
                                class="MuiButtonBase-root MuiIconButton-root makeStyles-contextButton-146"
                                id="open-context-menu-button"
                                tabindex="0"
                                type="button"
                              >
                                <span
                                  class="MuiIconButton-label"
                                >
                                  <i
                                    class="fa fa-ellipsismenu"
                                  />
                                </span>
                                <span
                                  class="MuiTouchRipple-root"
                                />
                              </button>
                            </div>
                          </div>
                        </div>
                      </li>
                      <li
                        aria-expanded="false"
                        class="MuiTreeItem-root makeStyles-treeItem-160"
                        id="definitionsByggherreEnhet"
                        role="treeitem"
                        tabindex="-1"
                      >
                        <div
                          class="MuiTreeItem-content"
                        >
                          <div
                            class="MuiTreeItem-iconContainer"
                          >
                            <svg
                              aria-hidden="true"
                              class="MuiSvgIcon-root"
                              focusable="false"
                              viewBox="0 0 24 24"
                            >
                              <path
                                d="M10 17l5-5-5-5v10z"
                              />
                            </svg>
                          </div>
                          <div
                            class="MuiTypography-root MuiTreeItem-label MuiTypography-body1"
                          >
                            <div
                              class="makeStyles-labelRoot-152"
                            >
                              <p
                                class="MuiTypography-root makeStyles-label-153 MuiTypography-body1"
                              >
                                <span
                                  class="makeStyles-iconContainer-159"
                                >
                                  <i
                                    class="fa fa-datamodel-object"
                                    style="color: white; text-align: center;"
                                  />
                                </span>
                                 
                                ByggherreEnhet
                              </p>
                              <button
                                aria-controls="simple-menu"
                                aria-haspopup="true"
                                class="MuiButtonBase-root MuiIconButton-root makeStyles-contextButton-157"
                                id="open-context-menu-button"
                                tabindex="0"
                                type="button"
                              >
                                <span
                                  class="MuiIconButton-label"
                                >
                                  <i
                                    class="fa fa-ellipsismenu"
                                  />
                                </span>
                                <span
                                  class="MuiTouchRipple-root"
                                />
                              </button>
                            </div>
                          </div>
                        </div>
                      </li>
                      <li
                        aria-expanded="false"
                        class="MuiTreeItem-root makeStyles-treeItem-171"
                        id="definitionsByggherrensRepresentant"
                        role="treeitem"
                        tabindex="-1"
                      >
                        <div
                          class="MuiTreeItem-content"
                        >
                          <div
                            class="MuiTreeItem-iconContainer"
                          >
                            <svg
                              aria-hidden="true"
                              class="MuiSvgIcon-root"
                              focusable="false"
                              viewBox="0 0 24 24"
                            >
                              <path
                                d="M10 17l5-5-5-5v10z"
                              />
                            </svg>
                          </div>
                          <div
                            class="MuiTypography-root MuiTreeItem-label MuiTypography-body1"
                          >
                            <div
                              class="makeStyles-labelRoot-163"
                            >
                              <p
                                class="MuiTypography-root makeStyles-label-164 MuiTypography-body1"
                              >
                                <span
                                  class="makeStyles-iconContainer-170"
                                >
                                  <i
                                    class="fa fa-datamodel-object"
                                    style="color: white; text-align: center;"
                                  />
                                </span>
                                 
                                ByggherrensRepresentant
                              </p>
                              <button
                                aria-controls="simple-menu"
                                aria-haspopup="true"
                                class="MuiButtonBase-root MuiIconButton-root makeStyles-contextButton-168"
                                id="open-context-menu-button"
                                tabindex="0"
                                type="button"
                              >
                                <span
                                  class="MuiIconButton-label"
                                >
                                  <i
                                    class="fa fa-ellipsismenu"
                                  />
                                </span>
                                <span
                                  class="MuiTouchRipple-root"
                                />
                              </button>
                            </div>
                          </div>
                        </div>
                      </li>
                      <li
                        aria-expanded="false"
                        class="MuiTreeItem-root makeStyles-treeItem-182"
                        id="definitionsEngasjertEnhet"
                        role="treeitem"
                        tabindex="-1"
                      >
                        <div
                          class="MuiTreeItem-content"
                        >
                          <div
                            class="MuiTreeItem-iconContainer"
                          >
                            <svg
                              aria-hidden="true"
                              class="MuiSvgIcon-root"
                              focusable="false"
                              viewBox="0 0 24 24"
                            >
                              <path
                                d="M10 17l5-5-5-5v10z"
                              />
                            </svg>
                          </div>
                          <div
                            class="MuiTypography-root MuiTreeItem-label MuiTypography-body1"
                          >
                            <div
                              class="makeStyles-labelRoot-174"
                            >
                              <p
                                class="MuiTypography-root makeStyles-label-175 MuiTypography-body1"
                              >
                                <span
                                  class="makeStyles-iconContainer-181"
                                >
                                  <i
                                    class="fa fa-datamodel-object"
                                    style="color: white; text-align: center;"
                                  />
                                </span>
                                 
                                EngasjertEnhet
                              </p>
                              <button
                                aria-controls="simple-menu"
                                aria-haspopup="true"
                                class="MuiButtonBase-root MuiIconButton-root makeStyles-contextButton-179"
                                id="open-context-menu-button"
                                tabindex="0"
                                type="button"
                              >
                                <span
                                  class="MuiIconButton-label"
                                >
                                  <i
                                    class="fa fa-ellipsismenu"
                                  />
                                </span>
                                <span
                                  class="MuiTouchRipple-root"
                                />
                              </button>
                            </div>
                          </div>
                        </div>
                      </li>
                      <li
                        aria-expanded="false"
                        class="MuiTreeItem-root makeStyles-treeItem-193"
                        id="definitionsProsjektgjennomføring"
                        role="treeitem"
                        tabindex="-1"
                      >
                        <div
                          class="MuiTreeItem-content"
                        >
                          <div
                            class="MuiTreeItem-iconContainer"
                          >
                            <svg
                              aria-hidden="true"
                              class="MuiSvgIcon-root"
                              focusable="false"
                              viewBox="0 0 24 24"
                            >
                              <path
                                d="M10 17l5-5-5-5v10z"
                              />
                            </svg>
                          </div>
                          <div
                            class="MuiTypography-root MuiTreeItem-label MuiTypography-body1"
                          >
                            <div
                              class="makeStyles-labelRoot-185"
                            >
                              <p
                                class="MuiTypography-root makeStyles-label-186 MuiTypography-body1"
                              >
                                <span
                                  class="makeStyles-iconContainer-192"
                                >
                                  <i
                                    class="fa fa-datamodel-object"
                                    style="color: white; text-align: center;"
                                  />
                                </span>
                                 
                                Prosjektgjennomføring
                              </p>
                              <button
                                aria-controls="simple-menu"
                                aria-haspopup="true"
                                class="MuiButtonBase-root MuiIconButton-root makeStyles-contextButton-190"
                                id="open-context-menu-button"
                                tabindex="0"
                                type="button"
                              >
                                <span
                                  class="MuiIconButton-label"
                                >
                                  <i
                                    class="fa fa-ellipsismenu"
                                  />
                                </span>
                                <span
                                  class="MuiTouchRipple-root"
                                />
                              </button>
                            </div>
                          </div>
                        </div>
                      </li>
                      <li
                        aria-expanded="false"
                        class="MuiTreeItem-root makeStyles-treeItem-204"
                        id="definitionsTidsrom"
                        role="treeitem"
                        tabindex="-1"
                      >
                        <div
                          class="MuiTreeItem-content"
                        >
                          <div
                            class="MuiTreeItem-iconContainer"
                          >
                            <svg
                              aria-hidden="true"
                              class="MuiSvgIcon-root"
                              focusable="false"
                              viewBox="0 0 24 24"
                            >
                              <path
                                d="M10 17l5-5-5-5v10z"
                              />
                            </svg>
                          </div>
                          <div
                            class="MuiTypography-root MuiTreeItem-label MuiTypography-body1"
                          >
                            <div
                              class="makeStyles-labelRoot-196"
                            >
                              <p
                                class="MuiTypography-root makeStyles-label-197 MuiTypography-body1"
                              >
                                <span
                                  class="makeStyles-iconContainer-203"
                                >
                                  <i
                                    class="fa fa-datamodel-object"
                                    style="color: white; text-align: center;"
                                  />
                                </span>
                                 
                                Tidsrom
                              </p>
                              <button
                                aria-controls="simple-menu"
                                aria-haspopup="true"
                                class="MuiButtonBase-root MuiIconButton-root makeStyles-contextButton-201"
                                id="open-context-menu-button"
                                tabindex="0"
                                type="button"
                              >
                                <span
                                  class="MuiIconButton-label"
                                >
                                  <i
                                    class="fa fa-ellipsismenu"
                                  />
                                </span>
                                <span
                                  class="MuiTouchRipple-root"
                                />
                              </button>
                            </div>
                          </div>
                        </div>
                      </li>
                      <li
                        aria-expanded="false"
                        class="MuiTreeItem-root makeStyles-treeItem-215"
                        id="definitionsKoordinator"
                        role="treeitem"
                        tabindex="-1"
                      >
                        <div
                          class="MuiTreeItem-content"
                        >
                          <div
                            class="MuiTreeItem-iconContainer"
                          >
                            <svg
                              aria-hidden="true"
                              class="MuiSvgIcon-root"
                              focusable="false"
                              viewBox="0 0 24 24"
                            >
                              <path
                                d="M10 17l5-5-5-5v10z"
                              />
                            </svg>
                          </div>
                          <div
                            class="MuiTypography-root MuiTreeItem-label MuiTypography-body1"
                          >
                            <div
                              class="makeStyles-labelRoot-207"
                            >
                              <p
                                class="MuiTypography-root makeStyles-label-208 MuiTypography-body1"
                              >
                                <span
                                  class="makeStyles-iconContainer-214"
                                >
                                  <i
                                    class="fa fa-datamodel-object"
                                    style="color: white; text-align: center;"
                                  />
                                </span>
                                 
                                Koordinator
                              </p>
                              <button
                                aria-controls="simple-menu"
                                aria-haspopup="true"
                                class="MuiButtonBase-root MuiIconButton-root makeStyles-contextButton-212"
                                id="open-context-menu-button"
                                tabindex="0"
                                type="button"
                              >
                                <span
                                  class="MuiIconButton-label"
                                >
                                  <i
                                    class="fa fa-ellipsismenu"
                                  />
                                </span>
                                <span
                                  class="MuiTouchRipple-root"
                                />
                              </button>
                            </div>
                          </div>
                        </div>
                      </li>
                      <li
                        aria-expanded="false"
                        class="MuiTreeItem-root makeStyles-treeItem-226"
                        id="definitionsKoordinatorrolle"
                        role="treeitem"
                        tabindex="-1"
                      >
                        <div
                          class="MuiTreeItem-content"
                        >
                          <div
                            class="MuiTreeItem-iconContainer"
                          >
                            <svg
                              aria-hidden="true"
                              class="MuiSvgIcon-root"
                              focusable="false"
                              viewBox="0 0 24 24"
                            >
                              <path
                                d="M10 17l5-5-5-5v10z"
                              />
                            </svg>
                          </div>
                          <div
                            class="MuiTypography-root MuiTreeItem-label MuiTypography-body1"
                          >
                            <div
                              class="makeStyles-labelRoot-218"
                            >
                              <p
                                class="MuiTypography-root makeStyles-label-219 MuiTypography-body1"
                              >
                                <span
                                  class="makeStyles-iconContainer-225"
                                >
                                  <i
                                    class="fa fa-datamodel-object"
                                    style="color: white; text-align: center;"
                                  />
                                </span>
                                 
                                Koordinatorrolle
                              </p>
                              <button
                                aria-controls="simple-menu"
                                aria-haspopup="true"
                                class="MuiButtonBase-root MuiIconButton-root makeStyles-contextButton-223"
                                id="open-context-menu-button"
                                tabindex="0"
                                type="button"
                              >
                                <span
                                  class="MuiIconButton-label"
                                >
                                  <i
                                    class="fa fa-ellipsismenu"
                                  />
                                </span>
                                <span
                                  class="MuiTouchRipple-root"
                                />
                              </button>
                            </div>
                          </div>
                        </div>
                      </li>
                      <li
                        aria-expanded="false"
                        class="MuiTreeItem-root makeStyles-treeItem-237"
                        id="definitionsMelder"
                        role="treeitem"
                        tabindex="-1"
                      >
                        <div
                          class="MuiTreeItem-content"
                        >
                          <div
                            class="MuiTreeItem-iconContainer"
                          >
                            <svg
                              aria-hidden="true"
                              class="MuiSvgIcon-root"
                              focusable="false"
                              viewBox="0 0 24 24"
                            >
                              <path
                                d="M10 17l5-5-5-5v10z"
                              />
                            </svg>
                          </div>
                          <div
                            class="MuiTypography-root MuiTreeItem-label MuiTypography-body1"
                          >
                            <div
                              class="makeStyles-labelRoot-229"
                            >
                              <p
                                class="MuiTypography-root makeStyles-label-230 MuiTypography-body1"
                              >
                                <span
                                  class="makeStyles-iconContainer-236"
                                >
                                  <i
                                    class="fa fa-datamodel-object"
                                    style="color: white; text-align: center;"
                                  />
                                </span>
                                 
                                Melder
                              </p>
                              <button
                                aria-controls="simple-menu"
                                aria-haspopup="true"
                                class="MuiButtonBase-root MuiIconButton-root makeStyles-contextButton-234"
                                id="open-context-menu-button"
                                tabindex="0"
                                type="button"
                              >
                                <span
                                  class="MuiIconButton-label"
                                >
                                  <i
                                    class="fa fa-ellipsismenu"
                                  />
                                </span>
                                <span
                                  class="MuiTouchRipple-root"
                                />
                              </button>
                            </div>
                          </div>
                        </div>
                      </li>
                      <li
                        class="MuiTreeItem-root makeStyles-treeItem-248"
                        id="definitionsAlternativ"
                        role="treeitem"
                        tabindex="-1"
                      >
                        <div
                          class="MuiTreeItem-content"
                        >
                          <div
                            class="MuiTreeItem-iconContainer"
                          />
                          <div
                            class="MuiTypography-root MuiTreeItem-label MuiTypography-body1"
                          >
                            <div
                              class="makeStyles-labelRoot-240"
                            >
                              <p
                                class="MuiTypography-root makeStyles-label-241 MuiTypography-body1"
                              >
                                <span
                                  class="makeStyles-iconContainer-247"
                                >
                                  <i
                                    class="fa fa-datamodel-object"
                                    style="color: white; text-align: center;"
                                  />
                                </span>
                                 
                                Alternativ
                              </p>
                              <button
                                aria-controls="simple-menu"
                                aria-haspopup="true"
                                class="MuiButtonBase-root MuiIconButton-root makeStyles-contextButton-245"
                                id="open-context-menu-button"
                                tabindex="0"
                                type="button"
                              >
                                <span
                                  class="MuiIconButton-label"
                                >
                                  <i
                                    class="fa fa-ellipsismenu"
                                  />
                                </span>
                                <span
                                  class="MuiTouchRipple-root"
                                />
                              </button>
                            </div>
                          </div>
                        </div>
                      </li>
                      <li
                        class="MuiTreeItem-root makeStyles-treeItem-259"
                        id="definitionsTekst"
                        role="treeitem"
                        tabindex="-1"
                      >
                        <div
                          class="MuiTreeItem-content"
                        >
                          <div
                            class="MuiTreeItem-iconContainer"
                          />
                          <div
                            class="MuiTypography-root MuiTreeItem-label MuiTypography-body1"
                          >
                            <div
                              class="makeStyles-labelRoot-251"
                            >
                              <p
                                class="MuiTypography-root makeStyles-label-252 MuiTypography-body1"
                              >
                                <span
                                  class="makeStyles-iconContainer-258"
                                >
                                  <i
                                    class="fa fa-datamodel-object"
                                    style="color: white; text-align: center;"
                                  />
                                </span>
                                 
                                Tekst
                              </p>
                              <button
                                aria-controls="simple-menu"
                                aria-haspopup="true"
                                class="MuiButtonBase-root MuiIconButton-root makeStyles-contextButton-256"
                                id="open-context-menu-button"
                                tabindex="0"
                                type="button"
                              >
                                <span
                                  class="MuiIconButton-label"
                                >
                                  <i
                                    class="fa fa-ellipsismenu"
                                  />
                                </span>
                                <span
                                  class="MuiTouchRipple-root"
                                />
                              </button>
                            </div>
                          </div>
                        </div>
                      </li>
                      <li
                        class="MuiTreeItem-root makeStyles-treeItem-402"
                        id="definitionsPostnummer"
                        role="treeitem"
                        tabindex="-1"
                      >
                        <div
                          class="MuiTreeItem-content"
                        >
                          <div
                            class="MuiTreeItem-iconContainer"
                          />
                          <div
                            class="MuiTypography-root MuiTreeItem-label MuiTypography-body1"
                          >
                            <div
                              class="makeStyles-labelRoot-394"
                            >
                              <p
                                class="MuiTypography-root makeStyles-label-395 MuiTypography-body1"
                              >
                                <span
                                  class="makeStyles-iconContainer-401"
                                >
                                  <i
                                    class="fa fa-datamodel-ref"
                                    style="color: white; text-align: center;"
                                  />
                                </span>
                                 
                                Postnummer
                                 
                                : Postnummer_RestriksjonPostnummer
                              </p>
                              <button
                                aria-controls="simple-menu"
                                aria-haspopup="true"
                                class="MuiButtonBase-root MuiIconButton-root makeStyles-contextButton-399"
                                id="open-context-menu-button"
                                tabindex="0"
                                type="button"
                              >
                                <span
                                  class="MuiIconButton-label"
                                >
                                  <i
                                    class="fa fa-ellipsismenu"
                                  />
                                </span>
                                <span
                                  class="MuiTouchRipple-root"
                                />
                              </button>
                            </div>
                          </div>
                        </div>
                      </li>
                      <li
                        class="MuiTreeItem-root makeStyles-treeItem-281"
                        id="definitionsPostnummer_RestriksjonPostnummer"
                        role="treeitem"
                        tabindex="-1"
                      >
                        <div
                          class="MuiTreeItem-content"
                        >
                          <div
                            class="MuiTreeItem-iconContainer"
                          />
                          <div
                            class="MuiTypography-root MuiTreeItem-label MuiTypography-body1"
                          >
                            <div
                              class="makeStyles-labelRoot-273"
                            >
                              <p
                                class="MuiTypography-root makeStyles-label-274 MuiTypography-body1"
                              >
                                <span
                                  class="makeStyles-iconContainer-280"
                                >
                                  <i
                                    class="fa fa-datamodel-object"
                                    style="color: white; text-align: center;"
                                  />
                                </span>
                                 
                                Postnummer_RestriksjonPostnummer
                              </p>
                              <button
                                aria-controls="simple-menu"
                                aria-haspopup="true"
                                class="MuiButtonBase-root MuiIconButton-root makeStyles-contextButton-278"
                                id="open-context-menu-button"
                                tabindex="0"
                                type="button"
                              >
                                <span
                                  class="MuiIconButton-label"
                                >
                                  <i
                                    class="fa fa-ellipsismenu"
                                  />
                                </span>
                                <span
                                  class="MuiTouchRipple-root"
                                />
                              </button>
                            </div>
                          </div>
                        </div>
                      </li>
                      <li
                        class="MuiTreeItem-root makeStyles-treeItem-292"
                        id="definitionsPoststed"
                        role="treeitem"
                        tabindex="-1"
                      >
                        <div
                          class="MuiTreeItem-content"
                        >
                          <div
                            class="MuiTreeItem-iconContainer"
                          />
                          <div
                            class="MuiTypography-root MuiTreeItem-label MuiTypography-body1"
                          >
                            <div
                              class="makeStyles-labelRoot-284"
                            >
                              <p
                                class="MuiTypography-root makeStyles-label-285 MuiTypography-body1"
                              >
                                <span
                                  class="makeStyles-iconContainer-291"
                                >
                                  <i
                                    class="fa fa-datamodel-object"
                                    style="color: white; text-align: center;"
                                  />
                                </span>
                                 
                                Poststed
                              </p>
                              <button
                                aria-controls="simple-menu"
                                aria-haspopup="true"
                                class="MuiButtonBase-root MuiIconButton-root makeStyles-contextButton-289"
                                id="open-context-menu-button"
                                tabindex="0"
                                type="button"
                              >
                                <span
                                  class="MuiIconButton-label"
                                >
                                  <i
                                    class="fa fa-ellipsismenu"
                                  />
                                </span>
                                <span
                                  class="MuiTouchRipple-root"
                                />
                              </button>
                            </div>
                          </div>
                        </div>
                      </li>
                      <li
                        class="MuiTreeItem-root makeStyles-treeItem-303"
                        id="definitionsProsjektetsArt"
                        role="treeitem"
                        tabindex="-1"
                      >
                        <div
                          class="MuiTreeItem-content"
                        >
                          <div
                            class="MuiTreeItem-iconContainer"
                          />
                          <div
                            class="MuiTypography-root MuiTreeItem-label MuiTypography-body1"
                          >
                            <div
                              class="makeStyles-labelRoot-295"
                            >
                              <p
                                class="MuiTypography-root makeStyles-label-296 MuiTypography-body1"
                              >
                                <span
                                  class="makeStyles-iconContainer-302"
                                >
                                  <i
                                    class="fa fa-datamodel-object"
                                    style="color: white; text-align: center;"
                                  />
                                </span>
                                 
                                ProsjektetsArt
                              </p>
                              <button
                                aria-controls="simple-menu"
                                aria-haspopup="true"
                                class="MuiButtonBase-root MuiIconButton-root makeStyles-contextButton-300"
                                id="open-context-menu-button"
                                tabindex="0"
                                type="button"
                              >
                                <span
                                  class="MuiIconButton-label"
                                >
                                  <i
                                    class="fa fa-ellipsismenu"
                                  />
                                </span>
                                <span
                                  class="MuiTouchRipple-root"
                                />
                              </button>
                            </div>
                          </div>
                        </div>
                      </li>
                      <li
                        class="MuiTreeItem-root makeStyles-treeItem-314"
                        id="definitionsMeldingstype"
                        role="treeitem"
                        tabindex="-1"
                      >
                        <div
                          class="MuiTreeItem-content"
                        >
                          <div
                            class="MuiTreeItem-iconContainer"
                          />
                          <div
                            class="MuiTypography-root MuiTreeItem-label MuiTypography-body1"
                          >
                            <div
                              class="makeStyles-labelRoot-306"
                            >
                              <p
                                class="MuiTypography-root makeStyles-label-307 MuiTypography-body1"
                              >
                                <span
                                  class="makeStyles-iconContainer-313"
                                >
                                  <i
                                    class="fa fa-datamodel-object"
                                    style="color: white; text-align: center;"
                                  />
                                </span>
                                 
                                Meldingstype
                              </p>
                              <button
                                aria-controls="simple-menu"
                                aria-haspopup="true"
                                class="MuiButtonBase-root MuiIconButton-root makeStyles-contextButton-311"
                                id="open-context-menu-button"
                                tabindex="0"
                                type="button"
                              >
                                <span
                                  class="MuiIconButton-label"
                                >
                                  <i
                                    class="fa fa-ellipsismenu"
                                  />
                                </span>
                                <span
                                  class="MuiTouchRipple-root"
                                />
                              </button>
                            </div>
                          </div>
                        </div>
                      </li>
                      <li
                        class="MuiTreeItem-root makeStyles-treeItem-325"
                        id="definitionsNavn"
                        role="treeitem"
                        tabindex="-1"
                      >
                        <div
                          class="MuiTreeItem-content"
                        >
                          <div
                            class="MuiTreeItem-iconContainer"
                          />
                          <div
                            class="MuiTypography-root MuiTreeItem-label MuiTypography-body1"
                          >
                            <div
                              class="makeStyles-labelRoot-317"
                            >
                              <p
                                class="MuiTypography-root makeStyles-label-318 MuiTypography-body1"
                              >
                                <span
                                  class="makeStyles-iconContainer-324"
                                >
                                  <i
                                    class="fa fa-datamodel-object"
                                    style="color: white; text-align: center;"
                                  />
                                </span>
                                 
                                Navn
                              </p>
                              <button
                                aria-controls="simple-menu"
                                aria-haspopup="true"
                                class="MuiButtonBase-root MuiIconButton-root makeStyles-contextButton-322"
                                id="open-context-menu-button"
                                tabindex="0"
                                type="button"
                              >
                                <span
                                  class="MuiIconButton-label"
                                >
                                  <i
                                    class="fa fa-ellipsismenu"
                                  />
                                </span>
                                <span
                                  class="MuiTouchRipple-root"
                                />
                              </button>
                            </div>
                          </div>
                        </div>
                      </li>
                      <li
                        class="MuiTreeItem-root makeStyles-treeItem-336"
                        id="definitionsTelefonnummer"
                        role="treeitem"
                        tabindex="-1"
                      >
                        <div
                          class="MuiTreeItem-content"
                        >
                          <div
                            class="MuiTreeItem-iconContainer"
                          />
                          <div
                            class="MuiTypography-root MuiTreeItem-label MuiTypography-body1"
                          >
                            <div
                              class="makeStyles-labelRoot-328"
                            >
                              <p
                                class="MuiTypography-root makeStyles-label-329 MuiTypography-body1"
                              >
                                <span
                                  class="makeStyles-iconContainer-335"
                                >
                                  <i
                                    class="fa fa-datamodel-object"
                                    style="color: white; text-align: center;"
                                  />
                                </span>
                                 
                                Telefonnummer
                              </p>
                              <button
                                aria-controls="simple-menu"
                                aria-haspopup="true"
                                class="MuiButtonBase-root MuiIconButton-root makeStyles-contextButton-333"
                                id="open-context-menu-button"
                                tabindex="0"
                                type="button"
                              >
                                <span
                                  class="MuiIconButton-label"
                                >
                                  <i
                                    class="fa fa-ellipsismenu"
                                  />
                                </span>
                                <span
                                  class="MuiTouchRipple-root"
                                />
                              </button>
                            </div>
                          </div>
                        </div>
                      </li>
                      <li
                        class="MuiTreeItem-root makeStyles-treeItem-413"
                        id="definitionsOrganisasjonsnummer"
                        role="treeitem"
                        tabindex="-1"
                      >
                        <div
                          class="MuiTreeItem-content"
                        >
                          <div
                            class="MuiTreeItem-iconContainer"
                          />
                          <div
                            class="MuiTypography-root MuiTreeItem-label MuiTypography-body1"
                          >
                            <div
                              class="makeStyles-labelRoot-405"
                            >
                              <p
                                class="MuiTypography-root makeStyles-label-406 MuiTypography-body1"
                              >
                                <span
                                  class="makeStyles-iconContainer-412"
                                >
                                  <i
                                    class="fa fa-datamodel-ref"
                                    style="color: white; text-align: center;"
                                  />
                                </span>
                                 
                                Organisasjonsnummer
                                 
                                : Organisasjonsnummer_RestriksjonOrganisasjonsnummer
                              </p>
                              <button
                                aria-controls="simple-menu"
                                aria-haspopup="true"
                                class="MuiButtonBase-root MuiIconButton-root makeStyles-contextButton-410"
                                id="open-context-menu-button"
                                tabindex="0"
                                type="button"
                              >
                                <span
                                  class="MuiIconButton-label"
                                >
                                  <i
                                    class="fa fa-ellipsismenu"
                                  />
                                </span>
                                <span
                                  class="MuiTouchRipple-root"
                                />
                              </button>
                            </div>
                          </div>
                        </div>
                      </li>
                      <li
                        class="MuiTreeItem-root makeStyles-treeItem-358"
                        id="definitionsOrganisasjonsnummer_RestriksjonOrganisasjonsnummer"
                        role="treeitem"
                        tabindex="-1"
                      >
                        <div
                          class="MuiTreeItem-content"
                        >
                          <div
                            class="MuiTreeItem-iconContainer"
                          />
                          <div
                            class="MuiTypography-root MuiTreeItem-label MuiTypography-body1"
                          >
                            <div
                              class="makeStyles-labelRoot-350"
                            >
                              <p
                                class="MuiTypography-root makeStyles-label-351 MuiTypography-body1"
                              >
                                <span
                                  class="makeStyles-iconContainer-357"
                                >
                                  <i
                                    class="fa fa-datamodel-object"
                                    style="color: white; text-align: center;"
                                  />
                                </span>
                                 
                                Organisasjonsnummer_RestriksjonOrganisasjonsnummer
                              </p>
                              <button
                                aria-controls="simple-menu"
                                aria-haspopup="true"
                                class="MuiButtonBase-root MuiIconButton-root makeStyles-contextButton-355"
                                id="open-context-menu-button"
                                tabindex="0"
                                type="button"
                              >
                                <span
                                  class="MuiIconButton-label"
                                >
                                  <i
                                    class="fa fa-ellipsismenu"
                                  />
                                </span>
                                <span
                                  class="MuiTouchRipple-root"
                                />
                              </button>
                            </div>
                          </div>
                        </div>
                      </li>
                      <li
                        class="MuiTreeItem-root makeStyles-treeItem-369"
                        id="definitionsTidspunkt"
                        role="treeitem"
                        tabindex="-1"
                      >
                        <div
                          class="MuiTreeItem-content"
                        >
                          <div
                            class="MuiTreeItem-iconContainer"
                          />
                          <div
                            class="MuiTypography-root MuiTreeItem-label MuiTypography-body1"
                          >
                            <div
                              class="makeStyles-labelRoot-361"
                            >
                              <p
                                class="MuiTypography-root makeStyles-label-362 MuiTypography-body1"
                              >
                                <span
                                  class="makeStyles-iconContainer-368"
                                >
                                  <i
                                    class="fa fa-datamodel-object"
                                    style="color: white; text-align: center;"
                                  />
                                </span>
                                 
                                Tidspunkt
                              </p>
                              <button
                                aria-controls="simple-menu"
                                aria-haspopup="true"
                                class="MuiButtonBase-root MuiIconButton-root makeStyles-contextButton-366"
                                id="open-context-menu-button"
                                tabindex="0"
                                type="button"
                              >
                                <span
                                  class="MuiIconButton-label"
                                >
                                  <i
                                    class="fa fa-ellipsismenu"
                                  />
                                </span>
                                <span
                                  class="MuiTouchRipple-root"
                                />
                              </button>
                            </div>
                          </div>
                        </div>
                      </li>
                      <li
                        class="MuiTreeItem-root makeStyles-treeItem-380"
                        id="definitionsAntall"
                        role="treeitem"
                        tabindex="-1"
                      >
                        <div
                          class="MuiTreeItem-content"
                        >
                          <div
                            class="MuiTreeItem-iconContainer"
                          />
                          <div
                            class="MuiTypography-root MuiTreeItem-label MuiTypography-body1"
                          >
                            <div
                              class="makeStyles-labelRoot-372"
                            >
                              <p
                                class="MuiTypography-root makeStyles-label-373 MuiTypography-body1"
                              >
                                <span
                                  class="makeStyles-iconContainer-379"
                                >
                                  <i
                                    class="fa fa-datamodel-object"
                                    style="color: white; text-align: center;"
                                  />
                                </span>
                                 
                                Antall
                              </p>
                              <button
                                aria-controls="simple-menu"
                                aria-haspopup="true"
                                class="MuiButtonBase-root MuiIconButton-root makeStyles-contextButton-377"
                                id="open-context-menu-button"
                                tabindex="0"
                                type="button"
                              >
                                <span
                                  class="MuiIconButton-label"
                                >
                                  <i
                                    class="fa fa-ellipsismenu"
                                  />
                                </span>
                                <span
                                  class="MuiTouchRipple-root"
                                />
                              </button>
                            </div>
                          </div>
                        </div>
                      </li>
                    </div>
                  </div>
                </ul>
              </li>
            </ul>
          </div>
        </div>
        <div
          class="MuiGrid-root MuiGrid-item MuiGrid-grid-xs-5"
        >
          <div
            class="makeStyles-root-39"
          >
            <p
              class="makeStyles-header-41"
            >
              schema_editor.properties
            </p>
            <div>
              <p
                class="no-item-selected"
              >
                schema_editor.no_item_selected
              </p>
              <hr
                class="makeStyles-divider-42"
              />
            </div>
          </div>
        </div>
      </div>
    </div>
  </div>
</div>
`;
