// Jest Snapshot v1, https://goo.gl/fbAQLP

exports[`>>> features/serviceOverview >>> Capture snapshot of serviceOverview 1`] = `
<div
  className="Connect-ServicesOverviewComponent--mar_top_100-1 Connect-ServicesOverviewComponent--mar_bot_50-3"
>
  <div
    className="MuiGrid-container-13"
  >
    <div
      className="MuiGrid-item-14 MuiGrid-grid-xs-12-53 MuiGrid-grid-sm-12-67 MuiGrid-grid-md-8-77 MuiGrid-grid-lg-8-91 MuiGrid-grid-xl-8-105"
    >
      <h1
        className="MuiTypography-root-110 MuiTypography-h1-122 MuiTypography-gutterBottom-137"
      >
        Tjenesteoversikt
      </h1>
    </div>
  </div>
  <p
    className="MuiTypography-root-110 MuiTypography-body1-119 MuiTypography-gutterBottom-137 Connect-ServicesOverviewComponent--mar_top_50-2 Connect-ServicesOverviewComponent--textSyle-9"
  >
    main_subheader
  </p>
  <div
    className="MuiGrid-container-13 Connect-ServicesOverviewComponent--mar_top_50-2"
  >
    <div
      className="MuiGrid-item-14 MuiGrid-grid-xs-12-53 MuiGrid-grid-sm-10-65 MuiGrid-grid-md-10-79 MuiGrid-grid-lg-12-95 MuiGrid-grid-xl-12-109"
    >
      <div
        className="MuiFormControl-root-149 AltinnSearchInput-searchBox-146 MuiFormControl-fullWidth-152"
      >
        <div
          className="MuiFormControl-root-149"
        >
          <div
            className="MuiInputBase-root-166 MuiInput-root-153 AltinnSearchInput-searchBoxInput-147 MuiInputBase-formControl-167 MuiInput-formControl-154 MuiInputBase-adornedStart-170"
            onClick={[Function]}
          >
            <div
              className="MuiInputAdornment-root-183 AltinnSearchInput-searchBoxIcon-148 MuiInputAdornment-positionEnd-186"
            >
              <i
                className="fa fa-search"
              />
            </div>
            <input
              aria-invalid={false}
              className="MuiInputBase-input-176 MuiInput-input-161 MuiInputBase-inputAdornedStart-181"
              disabled={false}
              id="service-search"
              onBlur={[Function]}
              onChange={[Function]}
              onFocus={[Function]}
              placeholder="dashboard.search_service"
              required={false}
              type="text"
            />
          </div>
        </div>
      </div>
    </div>
  </div>
  <div
    className="Connect-ServicesOverviewComponent--mar_top_50-2"
  >
    <div
      className="MuiGrid-container-13"
    >
      <p
        className="MuiTypography-root-110 MuiTypography-body1-119 MuiTypography-noWrap-136 MuiTypography-gutterBottom-137 CategoryComponent-displayInlineBlock-189 CategoryComponent-width100-190 CategoryComponent-fontSize_16-192"
      >
        dashboard.category_service_write
      </p>
    </div>
    <div
      className="MuiGrid-container-13 MuiGrid-spacing-xs-24-37"
    >
      <div
        className="MuiGrid-item-14 MuiGrid-grid-xs-12-53 MuiGrid-grid-sm-12-67 MuiGrid-grid-md-6-75 MuiGrid-grid-lg-4-87 MuiGrid-grid-xl-3-100 CategoryComponent-width100-190"
      >
        <div
          className="MuiPaper-root-203 MuiPaper-elevation0-205 MuiPaper-rounded-204 MuiCard-root-202 Connect-ServiceCardComponent--card-195"
        >
          <button
            className="MuiButtonBase-root-233 MuiCardActionArea-root-230"
            onBlur={[Function]}
            onClick={[Function]}
            onContextMenu={[Function]}
            onFocus={[Function]}
            onKeyDown={[Function]}
            onKeyUp={[Function]}
            onMouseDown={[Function]}
            onMouseLeave={[Function]}
            onMouseUp={[Function]}
            onTouchEnd={[Function]}
            onTouchMove={[Function]}
            onTouchStart={[Function]}
            tabIndex="0"
            type="button"
          >
            <div
              className="MuiCardContent-root-236"
            >
              <div
                className="MuiGrid-container-13 MuiGrid-spacing-xs-8-35"
              >
                <div
                  className="MuiGrid-item-14 MuiGrid-grid-xs-10-51 MuiGrid-grid-sm-10-65 MuiGrid-grid-md-10-79 MuiGrid-grid-lg-10-93 MuiGrid-grid-xl-10-107"
                >
                  <h3
                    className="MuiTypography-root-110 MuiTypography-h3-124 MuiTypography-noWrap-136 Connect-ServiceCardComponent--displayInlineBlock-193 Connect-ServiceCardComponent--width100-194 Connect-ServiceCardComponent--fontSize_16-199 Connect-ServiceCardComponent--fontWeight_500-200"
                  >
                    testService
                  </h3>
                </div>
                <div
                  className="MuiGrid-item-14 MuiGrid-grid-xs-1-42 MuiGrid-grid-sm-1-56 MuiGrid-grid-md-1-70 MuiGrid-grid-lg-1-84 MuiGrid-grid-xl-1-98"
                >
                  <i
                    aria-hidden="true"
                    className="Connect-ServiceCardComponent--iconStyling-196 fa fa-private"
                  />
                </div>
                <div
                  className="MuiGrid-item-14 MuiGrid-grid-xs-1-42 MuiGrid-grid-sm-1-56 MuiGrid-grid-md-1-70 MuiGrid-grid-lg-1-84 MuiGrid-grid-xl-1-98"
                >
                  <i
                    aria-hidden="true"
                    className="Connect-ServiceCardComponent--iconStyling-196 fa fa-write"
                  />
                </div>
                <div
                  className="MuiGrid-item-14 Connect-ServiceCardComponent--displayInlineBlock-193 Connect-ServiceCardComponent--width100-194 Connect-ServiceCardComponent--height-198"
                >
                  <p
                    className="MuiTypography-root-110 MuiTypography-body1-119 MuiTypography-gutterBottom-137 Connect-ServiceCardComponent--width100-194 Connect-ServiceCardComponent--fontSize_14-201"
                  >
                    <truncate-markup
                      lines={2}
                    >
                      <span>
                        
                      </span>
                    </truncate-markup>
                  </p>
                </div>
              </div>
              <div
                className="MuiGrid-container-13"
              >
                <div
                  className="MuiGrid-item-14 MuiGrid-grid-xs-6-47 MuiGrid-grid-sm-6-61 MuiGrid-grid-md-6-75 MuiGrid-grid-lg-6-89 MuiGrid-grid-xl-6-103"
                >
                  <p
                    className="MuiTypography-root-110 MuiTypography-body1-119 MuiTypography-noWrap-136 Connect-ServiceCardComponent--displayInlineBlock-193 Connect-ServiceCardComponent--width100-194 Connect-ServiceCardComponent--fontSize_14-201 Connect-ServiceCardComponent--fontWeight_500-200"
                  >
                    Ulf Utvikler
                  </p>
                </div>
                <div
                  className="MuiGrid-item-14 MuiGrid-grid-xs-6-47 MuiGrid-grid-sm-6-61 MuiGrid-grid-md-6-75 MuiGrid-grid-lg-6-89 MuiGrid-grid-xl-6-103"
                >
                  <p
                    className="MuiTypography-root-110 MuiTypography-body1-119 MuiTypography-noWrap-136 Connect-ServiceCardComponent--displayInlineBlock-193 Connect-ServiceCardComponent--width100-194 Connect-ServiceCardComponent--textToRight-197 Connect-ServiceCardComponent--fontSize_14-201 Connect-ServiceCardComponent--fontWeight_500-200"
                  >
                    dashboard.last_changed_service
                     
                    Invalid date
                  </p>
                </div>
              </div>
            </div>
            <span
              className="MuiCardActionArea-focusHighlight-232"
            />
            <span
              className="MuiTouchRipple-root-237"
            />
          </button>
        </div>
      </div>
      <div
        className="MuiGrid-item-14 MuiGrid-grid-xs-12-53 MuiGrid-grid-sm-12-67 MuiGrid-grid-md-6-75 MuiGrid-grid-lg-4-87 MuiGrid-grid-xl-3-100 CategoryComponent-width100-190"
      >
        <div
          className="MuiPaper-root-203 MuiPaper-elevation0-205 MuiPaper-rounded-204 MuiCard-root-202 Connect-ServiceCardComponent--card-195"
        >
          <button
            className="MuiButtonBase-root-233 MuiCardActionArea-root-230"
            onBlur={[Function]}
            onClick={[Function]}
            onContextMenu={[Function]}
            onFocus={[Function]}
            onKeyDown={[Function]}
            onKeyUp={[Function]}
            onMouseDown={[Function]}
            onMouseLeave={[Function]}
            onMouseUp={[Function]}
            onTouchEnd={[Function]}
            onTouchMove={[Function]}
            onTouchStart={[Function]}
            tabIndex="0"
            type="button"
          >
            <div
              className="MuiCardContent-root-236"
            >
              <div
                className="MuiGrid-container-13 MuiGrid-spacing-xs-8-35"
              >
                <div
                  className="MuiGrid-item-14 MuiGrid-grid-xs-10-51 MuiGrid-grid-sm-10-65 MuiGrid-grid-md-10-79 MuiGrid-grid-lg-10-93 MuiGrid-grid-xl-10-107"
                >
                  <h3
                    className="MuiTypography-root-110 MuiTypography-h3-124 MuiTypography-noWrap-136 Connect-ServiceCardComponent--displayInlineBlock-193 Connect-ServiceCardComponent--width100-194 Connect-ServiceCardComponent--fontSize_16-199 Connect-ServiceCardComponent--fontWeight_500-200"
                  >
                    NullSkatt
                  </h3>
                </div>
                <div
                  className="MuiGrid-item-14 MuiGrid-grid-xs-1-42 MuiGrid-grid-sm-1-56 MuiGrid-grid-md-1-70 MuiGrid-grid-lg-1-84 MuiGrid-grid-xl-1-98"
                >
                  <i
                    aria-hidden="true"
                    className="Connect-ServiceCardComponent--iconStyling-196 fa fa-private"
                  />
                </div>
                <div
                  className="MuiGrid-item-14 MuiGrid-grid-xs-1-42 MuiGrid-grid-sm-1-56 MuiGrid-grid-md-1-70 MuiGrid-grid-lg-1-84 MuiGrid-grid-xl-1-98"
                >
                  <i
                    aria-hidden="true"
                    className="Connect-ServiceCardComponent--iconStyling-196 fa fa-write"
                  />
                </div>
                <div
                  className="MuiGrid-item-14 Connect-ServiceCardComponent--displayInlineBlock-193 Connect-ServiceCardComponent--width100-194 Connect-ServiceCardComponent--height-198"
                >
                  <p
                    className="MuiTypography-root-110 MuiTypography-body1-119 MuiTypography-gutterBottom-137 Connect-ServiceCardComponent--width100-194 Connect-ServiceCardComponent--fontSize_14-201"
                  >
                    <truncate-markup
                      lines={2}
                    >
                      <span>
                        
                      </span>
                    </truncate-markup>
                  </p>
                </div>
              </div>
              <div
                className="MuiGrid-container-13"
              >
                <div
                  className="MuiGrid-item-14 MuiGrid-grid-xs-6-47 MuiGrid-grid-sm-6-61 MuiGrid-grid-md-6-75 MuiGrid-grid-lg-6-89 MuiGrid-grid-xl-6-103"
                >
                  <p
                    className="MuiTypography-root-110 MuiTypography-body1-119 MuiTypography-noWrap-136 Connect-ServiceCardComponent--displayInlineBlock-193 Connect-ServiceCardComponent--width100-194 Connect-ServiceCardComponent--fontSize_14-201 Connect-ServiceCardComponent--fontWeight_500-200"
                  >
                    Ulf Utvikler
                  </p>
                </div>
                <div
                  className="MuiGrid-item-14 MuiGrid-grid-xs-6-47 MuiGrid-grid-sm-6-61 MuiGrid-grid-md-6-75 MuiGrid-grid-lg-6-89 MuiGrid-grid-xl-6-103"
                >
                  <p
                    className="MuiTypography-root-110 MuiTypography-body1-119 MuiTypography-noWrap-136 Connect-ServiceCardComponent--displayInlineBlock-193 Connect-ServiceCardComponent--width100-194 Connect-ServiceCardComponent--textToRight-197 Connect-ServiceCardComponent--fontSize_14-201 Connect-ServiceCardComponent--fontWeight_500-200"
                  >
                    dashboard.last_changed_service
                     
                    Invalid date
                  </p>
                </div>
              </div>
            </div>
            <span
              className="MuiCardActionArea-focusHighlight-232"
            />
            <span
              className="MuiTouchRipple-root-237"
            />
          </button>
        </div>
      </div>
    </div>
  </div>
  <div
    className="Connect-ServicesOverviewComponent--mar_top_100-1"
  >
    <div
      className="MuiGrid-container-13"
    >
      <p
        className="MuiTypography-root-110 MuiTypography-body1-119 MuiTypography-noWrap-136 MuiTypography-gutterBottom-137 CategoryComponent-displayInlineBlock-189 CategoryComponent-width100-190 CategoryComponent-fontSize_16-192"
      >
        dashboard.category_service_read
      </p>
    </div>
    <div
      className="MuiGrid-container-13"
    >
      <p
        className="MuiTypography-root-110 MuiTypography-body1-119 MuiTypography-alignCenter-133 CategoryComponent-width100-190 CategoryComponent-mar_top_100-188 CategoryComponent-fontSize_24-191"
      >
        dashboard.no_category_service_read
      </p>
    </div>
  </div>
</div>
`;
