// Jest Snapshot v1, https://goo.gl/fbAQLP

exports[`>>> CreateNewWrapper.tsx +++ Should match snapshot with the least amount of params 1`] = `
<button
  aria-label="general.create_new"
  className="MuiButtonBase-root MuiIconButton-root makeStyles-toolbarButton-1 makeStyles-iconButton-2 MuiIconButton-colorPrimary"
  disabled={false}
  onBlur={[Function]}
  onClick={[Function]}
  onDragLeave={[Function]}
  onFocus={[Function]}
  onKeyDown={[Function]}
  onKeyUp={[Function]}
  onMouseDown={[Function]}
  onMouseLeave={[Function]}
  onMouseUp={[Function]}
  onTouchEnd={[Function]}
  onTouchMove={[Function]}
  onTouchStart={[Function]}
  tabIndex={0}
  type="button"
>
  <span
    className="MuiIconButton-label"
  >
    <i
      aria-hidden={true}
      className="fa fa-plus"
      style={Object {}}
    />
  </span>
</button>
`;
