// Jest Snapshot v1, https://goo.gl/fbAQLP

exports[`>>> components/base/versionControlHeader.tsx --- Snapshot +++ Should match snapshot 1`] = `
<div
  className="MuiGrid-container-2 MuiGrid-justify-xs-center-19 VersionControlHeader-headerStyling-1"
>
  <div
    className="MuiGrid-item-3"
    style={
      Object {
        "marginRight": "24px",
      }
    }
  >
    <button
      className="MuiButtonBase-root-129 MuiButton-root-103 MuiButton-text-105 MuiButton-flat-108 FetchChangesComponenet-clickable-101 FetchChangesComponenet-btn-100"
      disabled={false}
      onBlur={[Function]}
      onClick={[Function]}
      onContextMenu={[Function]}
      onFocus={[Function]}
      onKeyDown={[Function]}
      onKeyUp={[Function]}
      onMouseDown={[Function]}
      onMouseLeave={[Function]}
      onMouseUp={[Function]}
      onTouchEnd={[Function]}
      onTouchMove={[Function]}
      onTouchStart={[Function]}
      tabIndex="0"
      type="button"
    >
      <span
        className="MuiButton-label-104"
      >
        <div
          className="MuiGrid-container-2 MuiGrid-align-items-xs-center-10"
        >
          <div
            className="MuiGrid-item-3"
          >
            <i
              className="fa fa-download"
              style={
                Object {
                  "color": "#0062BA",
                  "fontSize": 36,
                  "fontWeight": null,
                  "margin": "0px -5px 0px -5px",
                  "padding": null,
                }
              }
            />
          </div>
          <div
            className="MuiGrid-item-3"
          >
            <p
              className="MuiTypography-root-133 MuiTypography-body1-142 FetchChangesComponenet-color_blueDark-102"
              id="fetch_changes_btn"
            >
              sync_header.fetch_changes
            </p>
          </div>
        </div>
      </span>
      <span
        className="MuiTouchRipple-root-184"
      />
    </button>
  </div>
  <div
    className="MuiGrid-item-3"
  >
    <button
      className="MuiButtonBase-root-129 MuiButton-root-103 MuiButton-text-105 MuiButton-flat-108 ShareChangesCompoenent-color_blueDark-173 ShareChangesCompoenent-btn-170 ShareChangesCompoenent-clickable-172"
      disabled={false}
      onBlur={[Function]}
      onClick={[Function]}
      onContextMenu={[Function]}
      onFocus={[Function]}
      onKeyDown={[Function]}
      onKeyUp={[Function]}
      onMouseDown={[Function]}
      onMouseLeave={[Function]}
      onMouseUp={[Function]}
      onTouchEnd={[Function]}
      onTouchMove={[Function]}
      onTouchStart={[Function]}
      tabIndex="0"
      type="button"
    >
      <span
        className="MuiButton-label-104"
      >
        <div
          className="MuiGrid-container-2 MuiGrid-align-items-xs-center-10"
        >
          <div
            className="MuiGrid-item-3"
          >
            <div
              className="ShareChangesCompoenent-checkIconPositionFix-171"
            >
              <i
                className="ai ai-check"
                style={
                  Object {
                    "color": "#0062BA",
                    "fontSize": 36,
                    "fontWeight": null,
                    "margin": null,
                    "padding": null,
                  }
                }
              />
            </div>
          </div>
          <div
            className="MuiGrid-item-3"
          >
            <p
              className="MuiTypography-root-133 MuiTypography-body1-142 ShareChangesCompoenent-color_blueDark-173"
              id="no_changes_to_share_btn"
            >
              sync_header.no_changes_to_share
            </p>
          </div>
        </div>
      </span>
      <span
        className="MuiTouchRipple-root-184"
      />
    </button>
  </div>
</div>
`;
