// Jest Snapshot v1, https://goo.gl/fbAQLP

exports[`SummaryGroupComponent SummaryGroupComponent -- should match snapshot 1`] = `
<DocumentFragment>
  <div
    class="MuiGrid-root MuiGrid-container"
    data-testid="summary-group-component"
  >
    <div
      class="MuiGrid-root MuiGrid-item MuiGrid-grid-xs-10"
    >
      <span
        class="MuiTypography-root makeStyles-label-2 MuiTypography-body1"
      >
        Mock group
      </span>
    </div>
    <div
      class="MuiGrid-root MuiGrid-item MuiGrid-grid-xs-2"
    >
      <button
        class="MuiButtonBase-root MuiIconButton-root makeStyles-editButton-6"
        tabindex="0"
        type="button"
      >
        <span
          class="MuiIconButton-label"
        >
          <p
            class="MuiTypography-root makeStyles-change-8 MuiTypography-body1"
          >
            <span>
              Change
            </span>
            <i
              aria-hidden="true"
              class="fa fa-editing-file makeStyles-editIcon-7"
            />
          </p>
        </span>
        <span
          class="MuiTouchRipple-root"
        />
      </button>
    </div>
    <div
      class="MuiGrid-root MuiGrid-item MuiGrid-grid-xs-12"
    >
      <div
        class="makeStyles-border-1"
      >
        <p
          class="MuiTypography-root MuiTypography-body1"
        >
          <span>
            <span>
              Mock field 1
            </span>
             : 
          </span>
          <span
            class="makeStyles-data-9"
          >
            1
          </span>
        </p>
        <p
          class="MuiTypography-root MuiTypography-body1"
        >
          <span>
            <span>
              Mock field 2
            </span>
             : 
          </span>
          <span
            class="makeStyles-data-9"
          >
            2
          </span>
        </p>
      </div>
    </div>
  </div>
</DocumentFragment>
`;
