// Jest Snapshot v1, https://goo.gl/fbAQLP

exports[`>>> components/message/MessageComponent.tsx +++ should match snapshot 1`] = `
<div
  className="field-validation-error a-message"
  id="mockId"
  style={
    Object {
      "display": "block",
      "width": "fit-content",
    }
  }
>
  <ol>
    <li>
      this is a message
    </li>
  </ol>
</div>
`;
