// Jest Snapshot v1, https://goo.gl/fbAQLP

exports[`ProfileMenu snapshot should match snapshot with default values 1`] = `
<div>
  <button
    aria-haspopup="true"
    className="MuiButtonBase-root-9 MuiIconButton-root-3"
    disabled={false}
    onBlur={[Function]}
    onClick={[Function]}
    onFocus={[Function]}
    onKeyDown={[Function]}
    onKeyUp={[Function]}
    onMouseDown={[Function]}
    onMouseLeave={[Function]}
    onMouseUp={[Function]}
    onTouchEnd={[Function]}
    onTouchMove={[Function]}
    onTouchStart={[Function]}
    tabIndex="0"
    type="button"
  >
    <span
      className="MuiIconButton-label-8"
    >
      <svg
        aria-hidden="true"
        className="MuiSvgIcon-root-12"
        focusable="false"
        role="presentation"
        viewBox="0 0 24 24"
      >
        <path
          d="M12 2C6.48 2 2 6.48 2 12s4.48 10 10 10 10-4.48 10-10S17.52 2 12 2zm0 3c1.66 0 3 1.34 3 3s-1.34 3-3 3-3-1.34-3-3 1.34-3 3-3zm0 14.2c-2.5 0-4.71-1.28-6-3.22.03-1.99 4-3.08 6-3.08 1.99 0 5.97 1.09 6 3.08-1.29 1.94-3.5 3.22-6 3.22z"
        />
        <path
          d="M0 0h24v24H0z"
          fill="none"
        />
      </svg>
    </span>
    <span
      className="MuiTouchRipple-root-25"
    />
  </button>
</div>
`;

exports[`ProfileMenu snapshot should match snapshot with logout text 1`] = `
ShallowWrapper {
  Symbol(enzyme.__root__): [Circular],
  Symbol(enzyme.__unrendered__): <ProfileMenuComponent
    classes={
      Object {
        "menuItem": "ProfileMenuComponent-menuItem-2",
        "paperStyle": "ProfileMenuComponent-paperStyle-1",
      }
    }
    showlogout={true}
  />,
  Symbol(enzyme.__renderer__): Object {
    "batchedUpdates": [Function],
    "getNode": [Function],
    "render": [Function],
    "simulateError": [Function],
    "simulateEvent": [Function],
    "unmount": [Function],
  },
  Symbol(enzyme.__node__): Object {
    "instance": null,
    "key": undefined,
    "nodeType": "host",
    "props": Object {
      "children": Array [
        <WithStyles(IconButton)
          aria-haspopup="true"
          onClick={[Function]}
        >
          <pure(AccountCircleIcon) />
        </WithStyles(IconButton)>,
        <WithStyles(Menu)
          anchorEl={null}
          anchorReference="none"
          classes={
            Object {
              "paper": "ProfileMenuComponent-paperStyle-1",
            }
          }
          elevation={1}
          id="simple-menu"
          onClose={[Function]}
          open={false}
        >
          <WithStyles(MenuItem)
            className="ProfileMenuComponent-menuItem-2"
            onClick={[Function]}
          >
            Logout
          </WithStyles(MenuItem)>
        </WithStyles(Menu)>,
      ],
    },
    "ref": null,
    "rendered": Array [
      Object {
        "instance": null,
        "key": undefined,
        "nodeType": "class",
        "props": Object {
          "aria-haspopup": "true",
          "aria-owns": undefined,
          "children": <pure(AccountCircleIcon) />,
          "onClick": [Function],
        },
        "ref": null,
        "rendered": Object {
          "instance": null,
          "key": undefined,
          "nodeType": "class",
          "props": Object {},
          "ref": null,
          "rendered": null,
          "type": [Function],
        },
        "type": [Function],
      },
      Object {
        "instance": null,
        "key": undefined,
        "nodeType": "class",
        "props": Object {
          "anchorEl": null,
          "anchorReference": "none",
          "children": <WithStyles(MenuItem)
            className="ProfileMenuComponent-menuItem-2"
            onClick={[Function]}
          >
            Logout
          </WithStyles(MenuItem)>,
          "classes": Object {
            "paper": "ProfileMenuComponent-paperStyle-1",
          },
          "elevation": 1,
          "id": "simple-menu",
          "onClose": [Function],
          "open": false,
        },
        "ref": null,
        "rendered": Object {
          "instance": null,
          "key": undefined,
          "nodeType": "class",
          "props": Object {
            "children": "Logout",
            "className": "ProfileMenuComponent-menuItem-2",
            "onClick": [Function],
          },
          "ref": null,
          "rendered": "Logout",
          "type": [Function],
        },
        "type": [Function],
      },
    ],
    "type": "div",
  },
  Symbol(enzyme.__nodes__): Array [
    Object {
      "instance": null,
      "key": undefined,
      "nodeType": "host",
      "props": Object {
        "children": Array [
          <WithStyles(IconButton)
            aria-haspopup="true"
            onClick={[Function]}
          >
            <pure(AccountCircleIcon) />
          </WithStyles(IconButton)>,
          <WithStyles(Menu)
            anchorEl={null}
            anchorReference="none"
            classes={
              Object {
                "paper": "ProfileMenuComponent-paperStyle-1",
              }
            }
            elevation={1}
            id="simple-menu"
            onClose={[Function]}
            open={false}
          >
            <WithStyles(MenuItem)
              className="ProfileMenuComponent-menuItem-2"
              onClick={[Function]}
            >
              Logout
            </WithStyles(MenuItem)>
          </WithStyles(Menu)>,
        ],
      },
      "ref": null,
      "rendered": Array [
        Object {
          "instance": null,
          "key": undefined,
          "nodeType": "class",
          "props": Object {
            "aria-haspopup": "true",
            "aria-owns": undefined,
            "children": <pure(AccountCircleIcon) />,
            "onClick": [Function],
          },
          "ref": null,
          "rendered": Object {
            "instance": null,
            "key": undefined,
            "nodeType": "class",
            "props": Object {},
            "ref": null,
            "rendered": null,
            "type": [Function],
          },
          "type": [Function],
        },
        Object {
          "instance": null,
          "key": undefined,
          "nodeType": "class",
          "props": Object {
            "anchorEl": null,
            "anchorReference": "none",
            "children": <WithStyles(MenuItem)
              className="ProfileMenuComponent-menuItem-2"
              onClick={[Function]}
            >
              Logout
            </WithStyles(MenuItem)>,
            "classes": Object {
              "paper": "ProfileMenuComponent-paperStyle-1",
            },
            "elevation": 1,
            "id": "simple-menu",
            "onClose": [Function],
            "open": false,
          },
          "ref": null,
          "rendered": Object {
            "instance": null,
            "key": undefined,
            "nodeType": "class",
            "props": Object {
              "children": "Logout",
              "className": "ProfileMenuComponent-menuItem-2",
              "onClick": [Function],
            },
            "ref": null,
            "rendered": "Logout",
            "type": [Function],
          },
          "type": [Function],
        },
      ],
      "type": "div",
    },
  ],
  Symbol(enzyme.__options__): Object {
    "adapter": ReactSixteenAdapter {
      "options": Object {
        "enableComponentDidUpdateOnSetState": true,
        "lifecycles": Object {
          "componentDidUpdate": Object {
            "onSetState": true,
          },
          "getDerivedStateFromProps": true,
          "getSnapshotBeforeUpdate": true,
          "setState": Object {
            "skipsComponentDidUpdateOnNullish": true,
          },
        },
      },
    },
  },
}
`;
