// Jest Snapshot v1, https://goo.gl/fbAQLP

exports[`>>> shared/src/navigation/drawer/TabletDrawerMenu.tsx when the tabletDrawerOpen is true should render tablet menu and menu items must match the snapshot 1`] = `
<div>
  <button
    className="MuiButtonBase-root-194 MuiButton-root-168 MuiButton-outlined-176 MuiButton-sizeSmall-191 TabletDrawerMenu-button-165 TabletDrawerMenu-closeButton-166"
    disabled={false}
    onBlur={[Function]}
    onClick={[Function]}
    onContextMenu={[Function]}
    onFocus={[Function]}
    onKeyDown={[Function]}
    onKeyUp={[Function]}
    onMouseDown={[Function]}
    onMouseLeave={[Function]}
    onMouseUp={[Function]}
    onTouchEnd={[Function]}
    onTouchMove={[Function]}
    onTouchStart={[Function]}
    tabIndex="0"
    type="button"
  >
    <span
      className="MuiButton-label-169"
    >
      lukk
    </span>
  </button>
  <div
    className="MuiDrawer-root-197 MuiDrawer-docked-198 TabletDrawerMenu-drawer-155"
  >
    <div
      className="MuiPaper-root-209 TabletDrawerMenu-drawerMenuPaper-163 MuiPaper-elevation0-211 MuiDrawer-paper-199 MuiDrawer-paperAnchorLeft-200 MuiDrawer-paperAnchorDockedLeft-204"
      style={Object {}}
    >
      <div
        style={
          Object {
            "width": "50%",
          }
        }
      >
        <ul
          className="MuiList-root-236 MuiList-padding-237"
        >
          <div
            className="MuiButtonBase-root-194 MuiListItem-root-240 TabletDrawerMenu-menuItem-160 MuiListItem-default-243 MuiListItem-gutters-248 MuiListItem-button-249"
            onBlur={[Function]}
            onClick={[Function]}
            onContextMenu={[Function]}
            onFocus={[Function]}
            onKeyDown={[Function]}
            onKeyUp={[Function]}
            onMouseDown={[Function]}
            onMouseLeave={[Function]}
            onMouseUp={[Function]}
            onTouchEnd={[Function]}
            onTouchMove={[Function]}
            onTouchStart={[Function]}
            role="button"
            tabIndex="0"
          >
            <div
              className="MuiListItemText-root-252"
            >
              <span
                className="MuiTypography-root-258 MuiTypography-subheading-265 MuiListItemText-primary-255 TabletDrawerMenu-menuItemText-161"
              >
                Logg ut
              </span>
            </div>
            <span
              className="MuiTouchRipple-root-303"
            />
          </div>
        </ul>
        <hr
          className="MuiDivider-root-294 TabletDrawerMenu-divider-157"
        />
        <ul
          className="MuiList-root-236 MuiList-padding-237"
        >
          <div>
            <div
              className="MuiButtonBase-root-194 MuiListItem-root-240 MuiListItem-default-243 MuiListItem-gutters-248 MuiListItem-button-249 TabletDrawerMenu-mainMenuItem-162"
              onBlur={[Function]}
              onClick={[Function]}
              onContextMenu={[Function]}
              onFocus={[Function]}
              onKeyDown={[Function]}
              onKeyUp={[Function]}
              onMouseDown={[Function]}
              onMouseLeave={[Function]}
              onMouseUp={[Function]}
              onTouchEnd={[Function]}
              onTouchMove={[Function]}
              onTouchStart={[Function]}
              role="button"
              tabIndex="0"
            >
              <div
                className="MuiListItemText-root-252 TabletDrawerMenu-mainMenuItem-162"
              >
                Om
              </div>
              <span
                className="MuiTouchRipple-root-303"
              />
            </div>
            <hr
              className="MuiDivider-root-294 TabletDrawerMenu-divider-157"
            />
          </div>
          <div>
            <div
              className="MuiButtonBase-root-194 MuiListItem-root-240 MuiListItem-default-243 MuiListItem-gutters-248 MuiListItem-button-249 TabletDrawerMenu-mainMenuItem-162"
              onBlur={[Function]}
              onClick={[Function]}
              onContextMenu={[Function]}
              onFocus={[Function]}
              onKeyDown={[Function]}
              onKeyUp={[Function]}
              onMouseDown={[Function]}
              onMouseLeave={[Function]}
              onMouseUp={[Function]}
              onTouchEnd={[Function]}
              onTouchMove={[Function]}
              onTouchStart={[Function]}
              role="button"
              tabIndex="0"
            >
              <div
                className="MuiListItemText-root-252 TabletDrawerMenu-mainMenuItem-162"
              >
                Lage
              </div>
              <span
                className="MuiTouchRipple-root-303"
              />
            </div>
            <hr
              className="MuiDivider-root-294 TabletDrawerMenu-divider-157"
            />
          </div>
          <div>
            <div
              className="MuiButtonBase-root-194 MuiListItem-root-240 MuiListItem-default-243 MuiListItem-gutters-248 MuiListItem-button-249 TabletDrawerMenu-mainMenuItem-162"
              onBlur={[Function]}
              onClick={[Function]}
              onContextMenu={[Function]}
              onFocus={[Function]}
              onKeyDown={[Function]}
              onKeyUp={[Function]}
              onMouseDown={[Function]}
              onMouseLeave={[Function]}
              onMouseUp={[Function]}
              onTouchEnd={[Function]}
              onTouchMove={[Function]}
              onTouchStart={[Function]}
              role="button"
              tabIndex="0"
            >
              <div
                className="MuiListItemText-root-252 TabletDrawerMenu-mainMenuItem-162"
              >
                Språk
              </div>
              <span
                className="MuiTouchRipple-root-303"
              />
            </div>
            <hr
              className="MuiDivider-root-294 TabletDrawerMenu-divider-157"
            />
          </div>
          <div>
            <div
              className="MuiButtonBase-root-194 MuiListItem-root-240 MuiListItem-default-243 MuiListItem-gutters-248 MuiListItem-button-249 TabletDrawerMenu-mainMenuItem-162"
              onBlur={[Function]}
              onClick={[Function]}
              onContextMenu={[Function]}
              onFocus={[Function]}
              onKeyDown={[Function]}
              onKeyUp={[Function]}
              onMouseDown={[Function]}
              onMouseLeave={[Function]}
              onMouseUp={[Function]}
              onTouchEnd={[Function]}
              onTouchMove={[Function]}
              onTouchStart={[Function]}
              role="button"
              tabIndex="0"
            >
              <div
                className="MuiListItemText-root-252 TabletDrawerMenu-mainMenuItem-162"
              >
                Teste
              </div>
              <span
                className="MuiTouchRipple-root-303"
              />
            </div>
            <hr
              className="MuiDivider-root-294 TabletDrawerMenu-divider-157"
            />
          </div>
          <div>
            <div
              className="MuiButtonBase-root-194 MuiListItem-root-240 MuiListItem-default-243 MuiListItem-gutters-248 MuiListItem-button-249 TabletDrawerMenu-mainMenuItem-162"
              onBlur={[Function]}
              onClick={[Function]}
              onContextMenu={[Function]}
              onFocus={[Function]}
              onKeyDown={[Function]}
              onKeyUp={[Function]}
              onMouseDown={[Function]}
              onMouseLeave={[Function]}
              onMouseUp={[Function]}
              onTouchEnd={[Function]}
              onTouchMove={[Function]}
              onTouchStart={[Function]}
              role="button"
              tabIndex="0"
            >
              <div
                className="MuiListItemText-root-252 TabletDrawerMenu-mainMenuItem-162"
              >
                Publisere
              </div>
              <span
                className="MuiTouchRipple-root-303"
              />
            </div>
            <hr
              className="MuiDivider-root-294 TabletDrawerMenu-divider-157"
            />
          </div>
        </ul>
      </div>
    </div>
  </div>
</div>
`;
