// Jest Snapshot v1, https://goo.gl/fbAQLP

exports[`>>> components/base/serviceOverview.tsx --- Snapshot +++ Should match snapshot 1`] = `
<div
  className="Connect-ServicesOverviewComponent--mar_top_100-1 Connect-ServicesOverviewComponent--mar_bot_50-3"
>
  <div
    className="MuiGrid-container-11"
  >
    <div
      className="MuiGrid-item-12 MuiGrid-grid-xs-12-51 MuiGrid-grid-sm-12-65 MuiGrid-grid-md-8-75 MuiGrid-grid-lg-8-89 MuiGrid-grid-xl-8-103"
    >
      <h1
        className="MuiTypography-root-108 MuiTypography-h1-120 MuiTypography-gutterBottom-135"
      >
        dashboard.main_header
      </h1>
    </div>
    <div
      className="MuiGrid-item-12 MuiGrid-grid-xs-12-51 MuiGrid-grid-sm-12-65 MuiGrid-grid-md-4-71 MuiGrid-grid-lg-4-85 MuiGrid-grid-xl-4-99 Connect-ServicesOverviewComponent--textToRight-6"
    >
      <div>
        <button
          className="MuiButtonBase-root-174 MuiButton-root-148 MuiButton-contained-159 MuiButton-raised-162 AltinnIconButton-dottedBtn-146"
          disabled={false}
          id="createService"
          onBlur={[Function]}
          onClick={[Function]}
          onFocus={[Function]}
          onKeyDown={[Function]}
          onKeyUp={[Function]}
          onMouseDown={[Function]}
          onMouseLeave={[Function]}
          onMouseUp={[Function]}
          onTouchEnd={[Function]}
          onTouchMove={[Function]}
          onTouchStart={[Function]}
          tabIndex="0"
          type="button"
        >
          <span
            className="MuiButton-label-149"
          >
            <i
              className="fa fa-circle-plus AltinnIconButton-dottedBtnIcon-147"
            />
            dashboard.new_service
          </span>
          <span
            className="MuiTouchRipple-root-262"
          />
        </button>
      </div>
    </div>
  </div>
  <div
    className="MuiPaper-root-187 MuiPaper-elevation0-189 MuiPaper-rounded-188 AltinnInformationPaper-paper-186"
  >
    <p
      className="MuiTypography-root-108 MuiTypography-body1-117"
    >
      dashboard.known_issues_subheader
    </p>
    <p
      className="MuiTypography-root-108 MuiTypography-body1-117 Connect-ServicesOverviewComponent--paperList-10"
      dangerouslySetInnerHTML={
        Object {
          "__html": null,
        }
      }
    />
    <a
      className="AltinnLink-link-214"
      href="http://localhost#/knownissues"
    >
      dashboard.know_issues_link
      <i
        className="ai ai-arrowrightup"
        style={
          Object {
            "color": "#000",
            "fontSize": 20,
            "fontWeight": null,
            "margin": "5px",
            "padding": null,
          }
        }
      />
    </a>
  </div>
  <p
    className="MuiTypography-root-108 MuiTypography-body1-117 MuiTypography-gutterBottom-135 Connect-ServicesOverviewComponent--mar_top_50-2 Connect-ServicesOverviewComponent--textSyle-9"
  >
    dashboard.main_subheader
  </p>
  <div
    className="MuiGrid-container-11 Connect-ServicesOverviewComponent--mar_top_50-2"
  >
    <div
      className="MuiGrid-item-12 MuiGrid-grid-xs-12-51 MuiGrid-grid-sm-10-63 MuiGrid-grid-md-10-77 MuiGrid-grid-lg-12-93 MuiGrid-grid-xl-12-107"
    >
      <div
        className="MuiFormControl-root-219 AltinnSearchInput-searchBox-216 MuiFormControl-fullWidth-222"
      >
        <div
          className="MuiFormControl-root-219"
        >
          <div
            className="MuiInputBase-root-236 MuiInput-root-223 AltinnSearchInput-searchBoxInput-217 MuiInputBase-formControl-237 MuiInput-formControl-224 MuiInputBase-adornedStart-240"
            onClick={[Function]}
          >
            <div
              className="MuiInputAdornment-root-253 AltinnSearchInput-searchBoxIcon-218 MuiInputAdornment-positionEnd-256"
            >
              <i
                className="fa fa-search"
              />
            </div>
            <input
              aria-invalid={false}
              className="MuiInputBase-input-246 MuiInput-input-231 MuiInputBase-inputAdornedStart-251"
              disabled={false}
              id="service-search"
              onBlur={[Function]}
              onChange={[Function]}
              onFocus={[Function]}
              placeholder="dashboard.search_service"
              required={false}
              type="text"
            />
          </div>
        </div>
      </div>
    </div>
  </div>
  <div
    className="Connect-ServicesOverviewComponent--mar_top_50-2"
  >
    <div
      className="MuiGrid-container-11"
    >
      <p
        className="MuiTypography-root-108 MuiTypography-body1-117 MuiTypography-noWrap-134 MuiTypography-gutterBottom-135 CategoryComponent-displayInlineBlock-258 CategoryComponent-width100-259 CategoryComponent-fontSize_16-261"
      >
        dashboard.category_service_write
      </p>
    </div>
    <div
      className="MuiGrid-container-11"
    >
      <p
        className="MuiTypography-root-108 MuiTypography-body1-117 MuiTypography-alignCenter-131 CategoryComponent-width100-259 CategoryComponent-mar_top_100-257 CategoryComponent-fontSize_24-260"
      >
        dashboard.no_category_service_write
      </p>
    </div>
  </div>
  <div
    className="Connect-ServicesOverviewComponent--mar_top_100-1"
  >
    <div
      className="MuiGrid-container-11"
    >
      <p
        className="MuiTypography-root-108 MuiTypography-body1-117 MuiTypography-noWrap-134 MuiTypography-gutterBottom-135 CategoryComponent-displayInlineBlock-258 CategoryComponent-width100-259 CategoryComponent-fontSize_16-261"
      >
        dashboard.category_service_read
      </p>
    </div>
    <div
      className="MuiGrid-container-11"
    >
      <p
        className="MuiTypography-root-108 MuiTypography-body1-117 MuiTypography-alignCenter-131 CategoryComponent-width100-259 CategoryComponent-mar_top_100-257 CategoryComponent-fontSize_24-260"
      >
        dashboard.no_category_service_read
      </p>
    </div>
  </div>
</div>
`;

exports[`>>> components/base/serviceOverview.tsx --- Snapshot +++ Should match snapshot when empty 1`] = `
<div
  className="Connect-ServicesOverviewComponent--mar_top_100-1 Connect-ServicesOverviewComponent--mar_bot_50-3"
>
  <div
    className="MuiGrid-container-11"
  >
    <div
      className="MuiGrid-item-12 MuiGrid-grid-xs-12-51 MuiGrid-grid-sm-12-65 MuiGrid-grid-md-8-75 MuiGrid-grid-lg-8-89 MuiGrid-grid-xl-8-103"
    >
      <h1
        className="MuiTypography-root-108 MuiTypography-h1-120 MuiTypography-gutterBottom-135"
      >
        dashboard.main_header
      </h1>
    </div>
    <div
      className="MuiGrid-item-12 MuiGrid-grid-xs-12-51 MuiGrid-grid-sm-12-65 MuiGrid-grid-md-4-71 MuiGrid-grid-lg-4-85 MuiGrid-grid-xl-4-99 Connect-ServicesOverviewComponent--textToRight-6"
    >
      <div>
        <button
          className="MuiButtonBase-root-174 MuiButton-root-148 MuiButton-contained-159 MuiButton-raised-162 AltinnIconButton-dottedBtn-146"
          disabled={false}
          id="createService"
          onBlur={[Function]}
          onClick={[Function]}
          onFocus={[Function]}
          onKeyDown={[Function]}
          onKeyUp={[Function]}
          onMouseDown={[Function]}
          onMouseLeave={[Function]}
          onMouseUp={[Function]}
          onTouchEnd={[Function]}
          onTouchMove={[Function]}
          onTouchStart={[Function]}
          tabIndex="0"
          type="button"
        >
          <span
            className="MuiButton-label-149"
          >
            <i
              className="fa fa-circle-plus AltinnIconButton-dottedBtnIcon-147"
            />
            dashboard.new_service
          </span>
          <span
            className="MuiTouchRipple-root-262"
          />
        </button>
      </div>
    </div>
  </div>
  <div
    className="MuiPaper-root-187 MuiPaper-elevation0-189 MuiPaper-rounded-188 AltinnInformationPaper-paper-186"
  >
    <p
      className="MuiTypography-root-108 MuiTypography-body1-117"
    >
      dashboard.known_issues_subheader
    </p>
    <p
      className="MuiTypography-root-108 MuiTypography-body1-117 Connect-ServicesOverviewComponent--paperList-10"
      dangerouslySetInnerHTML={
        Object {
          "__html": null,
        }
      }
    />
    <a
      className="AltinnLink-link-214"
      href="http://localhost#/knownissues"
    >
      dashboard.know_issues_link
      <i
        className="ai ai-arrowrightup"
        style={
          Object {
            "color": "#000",
            "fontSize": 20,
            "fontWeight": null,
            "margin": "5px",
            "padding": null,
          }
        }
      />
    </a>
  </div>
  <p
    className="MuiTypography-root-108 MuiTypography-body1-117 MuiTypography-gutterBottom-135 Connect-ServicesOverviewComponent--mar_top_50-2 Connect-ServicesOverviewComponent--textSyle-9"
  >
    dashboard.main_subheader
  </p>
  <div
    className="MuiGrid-container-11 Connect-ServicesOverviewComponent--mar_top_50-2"
  >
    <div
      className="MuiGrid-item-12 MuiGrid-grid-xs-12-51 MuiGrid-grid-sm-10-63 MuiGrid-grid-md-10-77 MuiGrid-grid-lg-12-93 MuiGrid-grid-xl-12-107"
    >
      <div
        className="MuiFormControl-root-219 AltinnSearchInput-searchBox-216 MuiFormControl-fullWidth-222"
      >
        <div
          className="MuiFormControl-root-219"
        >
          <div
            className="MuiInputBase-root-236 MuiInput-root-223 AltinnSearchInput-searchBoxInput-217 MuiInputBase-formControl-237 MuiInput-formControl-224 MuiInputBase-adornedStart-240"
            onClick={[Function]}
          >
            <div
              className="MuiInputAdornment-root-253 AltinnSearchInput-searchBoxIcon-218 MuiInputAdornment-positionEnd-256"
            >
              <i
                className="fa fa-search"
              />
            </div>
            <input
              aria-invalid={false}
              className="MuiInputBase-input-246 MuiInput-input-231 MuiInputBase-inputAdornedStart-251"
              disabled={false}
              id="service-search"
              onBlur={[Function]}
              onChange={[Function]}
              onFocus={[Function]}
              placeholder="dashboard.search_service"
              required={false}
              type="text"
            />
          </div>
        </div>
      </div>
    </div>
  </div>
  <div
    className="Connect-ServicesOverviewComponent--mar_top_50-2"
  >
    <div
      className="MuiGrid-container-11"
    >
      <p
        className="MuiTypography-root-108 MuiTypography-body1-117 MuiTypography-noWrap-134 MuiTypography-gutterBottom-135 CategoryComponent-displayInlineBlock-258 CategoryComponent-width100-259 CategoryComponent-fontSize_16-261"
      >
        dashboard.category_service_write
      </p>
    </div>
    <div
      className="MuiGrid-container-11"
    >
      <p
        className="MuiTypography-root-108 MuiTypography-body1-117 MuiTypography-alignCenter-131 CategoryComponent-width100-259 CategoryComponent-mar_top_100-257 CategoryComponent-fontSize_24-260"
      >
        dashboard.no_category_service_write
      </p>
    </div>
  </div>
  <div
    className="Connect-ServicesOverviewComponent--mar_top_100-1"
  >
    <div
      className="MuiGrid-container-11"
    >
      <p
        className="MuiTypography-root-108 MuiTypography-body1-117 MuiTypography-noWrap-134 MuiTypography-gutterBottom-135 CategoryComponent-displayInlineBlock-258 CategoryComponent-width100-259 CategoryComponent-fontSize_16-261"
      >
        dashboard.category_service_read
      </p>
    </div>
    <div
      className="MuiGrid-container-11"
    >
      <p
        className="MuiTypography-root-108 MuiTypography-body1-117 MuiTypography-alignCenter-131 CategoryComponent-width100-259 CategoryComponent-mar_top_100-257 CategoryComponent-fontSize_24-260"
      >
        dashboard.no_category_service_read
      </p>
    </div>
  </div>
</div>
`;
