// Jest Snapshot v1, https://goo.gl/fbAQLP

exports[`>>> components/base/serviceCard.tsx --- Snapshot +++ Should match snapshot 1`] = `
<div
  className="MuiPaper-root-11 MuiPaper-elevation0-13 MuiPaper-rounded-12 MuiCard-root-10 Connect-ServiceCardComponent--card-3"
>
  <button
    className="MuiButtonBase-root-41 MuiCardActionArea-root-38"
    onBlur={[Function]}
    onClick={[Function]}
    onContextMenu={[Function]}
    onFocus={[Function]}
    onKeyDown={[Function]}
    onKeyUp={[Function]}
    onMouseDown={[Function]}
    onMouseLeave={[Function]}
    onMouseUp={[Function]}
    onTouchEnd={[Function]}
    onTouchMove={[Function]}
    onTouchStart={[Function]}
    tabIndex="0"
    type="button"
  >
    <div
      className="MuiCardContent-root-44"
    >
      <div
        className="MuiGrid-container-45 MuiGrid-spacing-xs-8-67"
      >
        <div
          className="MuiGrid-item-46 MuiGrid-grid-xs-10-83 MuiGrid-grid-sm-10-97 MuiGrid-grid-md-10-111 MuiGrid-grid-lg-10-125 MuiGrid-grid-xl-10-139"
        >
          <h3
            className="MuiTypography-root-142 MuiTypography-h3-156 MuiTypography-noWrap-168 Connect-ServiceCardComponent--displayInlineBlock-1 Connect-ServiceCardComponent--width100-2 Connect-ServiceCardComponent--fontSize_16-7 Connect-ServiceCardComponent--fontWeight_500-8"
          >
            First
          </h3>
        </div>
        <div
          className="MuiGrid-item-46 MuiGrid-grid-xs-1-74 MuiGrid-grid-sm-1-88 MuiGrid-grid-md-1-102 MuiGrid-grid-lg-1-116 MuiGrid-grid-xl-1-130"
        >
          <i
            aria-hidden="true"
            className="Connect-ServiceCardComponent--iconStyling-4 fa fa-corp"
          />
        </div>
        <div
          className="MuiGrid-item-46 MuiGrid-grid-xs-1-74 MuiGrid-grid-sm-1-88 MuiGrid-grid-md-1-102 MuiGrid-grid-lg-1-116 MuiGrid-grid-xl-1-130"
        >
          <i
            aria-hidden="true"
            className="Connect-ServiceCardComponent--iconStyling-4"
          />
        </div>
        <div
          className="MuiGrid-item-46 Connect-ServiceCardComponent--displayInlineBlock-1 Connect-ServiceCardComponent--width100-2 Connect-ServiceCardComponent--height-6"
        >
          <p
            className="MuiTypography-root-142 MuiTypography-body1-151 MuiTypography-gutterBottom-169 Connect-ServiceCardComponent--width100-2 Connect-ServiceCardComponent--fontSize_14-9"
          >
            <truncate-markup
              lines={2}
            >
              <span>
                Dette er en test, dette er en veldig veldig lang test, fordi vi prøver å se om det har noen betydning
              </span>
            </truncate-markup>
          </p>
        </div>
      </div>
      <div
        className="MuiGrid-container-45"
      >
        <div
          className="MuiGrid-item-46 MuiGrid-grid-xs-6-79 MuiGrid-grid-sm-6-93 MuiGrid-grid-md-6-107 MuiGrid-grid-lg-6-121 MuiGrid-grid-xl-6-135"
        >
          <p
            className="MuiTypography-root-142 MuiTypography-body1-151 MuiTypography-noWrap-168 Connect-ServiceCardComponent--displayInlineBlock-1 Connect-ServiceCardComponent--width100-2 Connect-ServiceCardComponent--fontSize_14-9 Connect-ServiceCardComponent--fontWeight_500-8"
          >
            This is the full name of this org
          </p>
        </div>
        <div
          className="MuiGrid-item-46 MuiGrid-grid-xs-6-79 MuiGrid-grid-sm-6-93 MuiGrid-grid-md-6-107 MuiGrid-grid-lg-6-121 MuiGrid-grid-xl-6-135"
        >
          <p
            className="MuiTypography-root-142 MuiTypography-body1-151 MuiTypography-noWrap-168 Connect-ServiceCardComponent--displayInlineBlock-1 Connect-ServiceCardComponent--width100-2 Connect-ServiceCardComponent--textToRight-5 Connect-ServiceCardComponent--fontSize_14-9 Connect-ServiceCardComponent--fontWeight_500-8"
          >
            dashboard.last_changed_service
             
            13.11.2018
          </p>
        </div>
      </div>
    </div>
    <span
      className="MuiCardActionArea-focusHighlight-40"
    />
    <span
      className="MuiTouchRipple-root-178"
    />
  </button>
</div>
`;
